Archive member included to satisfy reference by file (symbol)

libdrivers.a(stm32f1xx_hal.c.obj)
                              CMakeFiles/HW1.dir/Core/Src/main.c.obj (HAL_Init)
libdrivers.a(stm32f1xx_hal_can.c.obj)
                              CMakeFiles/HW1.dir/Core/Src/can.c.obj (HAL_CAN_Init)
libdrivers.a(stm32f1xx_hal_cortex.c.obj)
                              libdrivers.a(stm32f1xx_hal.c.obj) (HAL_NVIC_SetPriorityGrouping)
libdrivers.a(stm32f1xx_hal_dma.c.obj)
                              CMakeFiles/HW1.dir/Core/Src/usart.c.obj (HAL_DMA_Init)
libdrivers.a(stm32f1xx_hal_gpio.c.obj)
                              CMakeFiles/HW1.dir/Core/Src/can.c.obj (HAL_GPIO_Init)
libdrivers.a(stm32f1xx_hal_rcc.c.obj)
                              CMakeFiles/HW1.dir/Core/Src/main.c.obj (HAL_RCC_OscConfig)
libdrivers.a(stm32f1xx_hal_tim.c.obj)
                              CMakeFiles/HW1.dir/Core/Src/tim.c.obj (HAL_TIM_Base_Init)
libdrivers.a(stm32f1xx_hal_tim_ex.c.obj)
                              libdrivers.a(stm32f1xx_hal_tim.c.obj) (TIMEx_DMACommutationCplt)
libdrivers.a(stm32f1xx_hal_uart.c.obj)
                              CMakeFiles/HW1.dir/Core/Src/usart.c.obj (HAL_UART_Init)
D:/ST/STM32CubeCLT_1.16.0/GNU-tools-for-STM32/bin/../lib/gcc/arm-none-eabi/12.3.1/../../../../arm-none-eabi/lib/thumb/v7-m/nofp\libm.a(libm_a-s_cos.o)
                              CMakeFiles/HW1.dir/Tasks/main_task.c.obj (cos)
D:/ST/STM32CubeCLT_1.16.0/GNU-tools-for-STM32/bin/../lib/gcc/arm-none-eabi/12.3.1/../../../../arm-none-eabi/lib/thumb/v7-m/nofp\libm.a(libm_a-s_sin.o)
                              CMakeFiles/HW1.dir/Tasks/main_task.c.obj (sin)
D:/ST/STM32CubeCLT_1.16.0/GNU-tools-for-STM32/bin/../lib/gcc/arm-none-eabi/12.3.1/../../../../arm-none-eabi/lib/thumb/v7-m/nofp\libm.a(libm_a-k_cos.o)
                              D:/ST/STM32CubeCLT_1.16.0/GNU-tools-for-STM32/bin/../lib/gcc/arm-none-eabi/12.3.1/../../../../arm-none-eabi/lib/thumb/v7-m/nofp\libm.a(libm_a-s_cos.o) (__kernel_cos)
D:/ST/STM32CubeCLT_1.16.0/GNU-tools-for-STM32/bin/../lib/gcc/arm-none-eabi/12.3.1/../../../../arm-none-eabi/lib/thumb/v7-m/nofp\libm.a(libm_a-k_sin.o)
                              D:/ST/STM32CubeCLT_1.16.0/GNU-tools-for-STM32/bin/../lib/gcc/arm-none-eabi/12.3.1/../../../../arm-none-eabi/lib/thumb/v7-m/nofp\libm.a(libm_a-s_cos.o) (__kernel_sin)
D:/ST/STM32CubeCLT_1.16.0/GNU-tools-for-STM32/bin/../lib/gcc/arm-none-eabi/12.3.1/../../../../arm-none-eabi/lib/thumb/v7-m/nofp\libm.a(libm_a-e_rem_pio2.o)
                              D:/ST/STM32CubeCLT_1.16.0/GNU-tools-for-STM32/bin/../lib/gcc/arm-none-eabi/12.3.1/../../../../arm-none-eabi/lib/thumb/v7-m/nofp\libm.a(libm_a-s_cos.o) (__ieee754_rem_pio2)
D:/ST/STM32CubeCLT_1.16.0/GNU-tools-for-STM32/bin/../lib/gcc/arm-none-eabi/12.3.1/../../../../arm-none-eabi/lib/thumb/v7-m/nofp\libm.a(libm_a-s_fabs.o)
                              D:/ST/STM32CubeCLT_1.16.0/GNU-tools-for-STM32/bin/../lib/gcc/arm-none-eabi/12.3.1/../../../../arm-none-eabi/lib/thumb/v7-m/nofp\libm.a(libm_a-e_rem_pio2.o) (fabs)
D:/ST/STM32CubeCLT_1.16.0/GNU-tools-for-STM32/bin/../lib/gcc/arm-none-eabi/12.3.1/../../../../arm-none-eabi/lib/thumb/v7-m/nofp\libm.a(libm_a-k_rem_pio2.o)
                              D:/ST/STM32CubeCLT_1.16.0/GNU-tools-for-STM32/bin/../lib/gcc/arm-none-eabi/12.3.1/../../../../arm-none-eabi/lib/thumb/v7-m/nofp\libm.a(libm_a-e_rem_pio2.o) (__kernel_rem_pio2)
D:/ST/STM32CubeCLT_1.16.0/GNU-tools-for-STM32/bin/../lib/gcc/arm-none-eabi/12.3.1/../../../../arm-none-eabi/lib/thumb/v7-m/nofp\libm.a(libm_a-s_scalbn.o)
                              D:/ST/STM32CubeCLT_1.16.0/GNU-tools-for-STM32/bin/../lib/gcc/arm-none-eabi/12.3.1/../../../../arm-none-eabi/lib/thumb/v7-m/nofp\libm.a(libm_a-k_rem_pio2.o) (scalbn)
D:/ST/STM32CubeCLT_1.16.0/GNU-tools-for-STM32/bin/../lib/gcc/arm-none-eabi/12.3.1/../../../../arm-none-eabi/lib/thumb/v7-m/nofp\libm.a(libm_a-s_floor.o)
                              D:/ST/STM32CubeCLT_1.16.0/GNU-tools-for-STM32/bin/../lib/gcc/arm-none-eabi/12.3.1/../../../../arm-none-eabi/lib/thumb/v7-m/nofp\libm.a(libm_a-k_rem_pio2.o) (floor)
D:/ST/STM32CubeCLT_1.16.0/GNU-tools-for-STM32/bin/../lib/gcc/arm-none-eabi/12.3.1/../../../../arm-none-eabi/lib/thumb/v7-m/nofp\libc_nano.a(libc_a-exit.o)
                              D:/ST/STM32CubeCLT_1.16.0/GNU-tools-for-STM32/bin/../lib/gcc/arm-none-eabi/12.3.1/../../../../arm-none-eabi/lib/thumb/v7-m/nofp/crt0.o (exit)
D:/ST/STM32CubeCLT_1.16.0/GNU-tools-for-STM32/bin/../lib/gcc/arm-none-eabi/12.3.1/../../../../arm-none-eabi/lib/thumb/v7-m/nofp\libc_nano.a(libc_a-findfp.o)
                              D:/ST/STM32CubeCLT_1.16.0/GNU-tools-for-STM32/bin/../lib/gcc/arm-none-eabi/12.3.1/../../../../arm-none-eabi/lib/thumb/v7-m/nofp\libc_nano.a(libc_a-exit.o) (__stdio_exit_handler)
D:/ST/STM32CubeCLT_1.16.0/GNU-tools-for-STM32/bin/../lib/gcc/arm-none-eabi/12.3.1/../../../../arm-none-eabi/lib/thumb/v7-m/nofp\libc_nano.a(libc_a-fwalk.o)
[...]
Memory Configuration

Name             Origin             Length             Attributes
RAM              0x20000000         0x00005000         xrw
FLASH            0x08000000         0x00010000         xr
*default*        0x00000000         0xffffffff

Linker script and memory map

LOAD D:/ST/STM32CubeCLT_1.16.0/GNU-tools-for-STM32/bin/../lib/gcc/arm-none-eabi/12.3.1/thumb/v7-m/nofp/crti.o
LOAD D:/ST/STM32CubeCLT_1.16.0/GNU-tools-for-STM32/bin/../lib/gcc/arm-none-eabi/12.3.1/thumb/v7-m/nofp/crtbegin.o
LOAD D:/ST/STM32CubeCLT_1.16.0/GNU-tools-for-STM32/bin/../lib/gcc/arm-none-eabi/12.3.1/../../../../arm-none-eabi/lib/thumb/v7-m/nofp/crt0.o
START GROUP
END GROUP
START GROUP
LOAD D:/ST/STM32CubeCLT_1.16.0/GNU-tools-for-STM32/bin/../lib/gcc/arm-none-eabi/12.3.1/../../../../arm-none-eabi/lib/thumb/v7-m/nofp\libstdc++_nano.a
LOAD D:/ST/STM32CubeCLT_1.16.0/GNU-tools-for-STM32/bin/../lib/gcc/arm-none-eabi/12.3.1/../../../../arm-none-eabi/lib/thumb/v7-m/nofp\libsupc++_nano.a
END GROUP
LOAD CMakeFiles/HW1.dir/Core/Src/can.c.obj
LOAD CMakeFiles/HW1.dir/Core/Src/dma.c.obj
LOAD CMakeFiles/HW1.dir/Core/Src/gpio.c.obj
LOAD CMakeFiles/HW1.dir/Core/Src/main.c.obj
LOAD CMakeFiles/HW1.dir/Core/Src/stm32f1xx_hal_msp.c.obj
LOAD CMakeFiles/HW1.dir/Core/Src/stm32f1xx_it.c.obj
LOAD CMakeFiles/HW1.dir/Core/Src/syscalls.c.obj
LOAD CMakeFiles/HW1.dir/Core/Src/sysmem.c.obj
LOAD CMakeFiles/HW1.dir/Core/Src/system_stm32f1xx.c.obj
LOAD CMakeFiles/HW1.dir/Core/Src/tim.c.obj
LOAD CMakeFiles/HW1.dir/Core/Src/transmit.c.obj
LOAD CMakeFiles/HW1.dir/Core/Src/usart.c.obj
LOAD CMakeFiles/HW1.dir/Tasks/main_task.c.obj
LOAD CMakeFiles/HW1.dir/Sources/HW_can.cpp.obj
LOAD CMakeFiles/HW1.dir/startup_stm32f103xb.s.obj
LOAD libdrivers.a
LOAD D:/ST/STM32CubeCLT_1.16.0/GNU-tools-for-STM32/bin/../lib/gcc/arm-none-eabi/12.3.1/../../../../arm-none-eabi/lib/thumb/v7-m/nofp\libstdc++_nano.a
LOAD D:/ST/STM32CubeCLT_1.16.0/GNU-tools-for-STM32/bin/../lib/gcc/arm-none-eabi/12.3.1/../../../../arm-none-eabi/lib/thumb/v7-m/nofp\libm.a
LOAD D:/ST/STM32CubeCLT_1.16.0/GNU-tools-for-STM32/bin/../lib/gcc/arm-none-eabi/12.3.1/../../../../arm-none-eabi/lib/thumb/v7-m/nofp\libc_nano.a
START GROUP
LOAD D:/ST/STM32CubeCLT_1.16.0/GNU-tools-for-STM32/bin/../lib/gcc/arm-none-eabi/12.3.1/thumb/v7-m/nofp\libgcc.a
LOAD D:/ST/STM32CubeCLT_1.16.0/GNU-tools-for-STM32/bin/../lib/gcc/arm-none-eabi/12.3.1/../../../../arm-none-eabi/lib/thumb/v7-m/nofp\libg_nano.a
LOAD D:/ST/STM32CubeCLT_1.16.0/GNU-tools-for-STM32/bin/../lib/gcc/arm-none-eabi/12.3.1/../../../../arm-none-eabi/lib/thumb/v7-m/nofp\libc_nano.a
END GROUP
START GROUP
LOAD D:/ST/STM32CubeCLT_1.16.0/GNU-tools-for-STM32/bin/../lib/gcc/arm-none-eabi/12.3.1/thumb/v7-m/nofp\libgcc.a
LOAD D:/ST/STM32CubeCLT_1.16.0/GNU-tools-for-STM32/bin/../lib/gcc/arm-none-eabi/12.3.1/../../../../arm-none-eabi/lib/thumb/v7-m/nofp\libc_nano.a
END GROUP
LOAD D:/ST/STM32CubeCLT_1.16.0/GNU-tools-for-STM32/bin/../lib/gcc/arm-none-eabi/12.3.1/thumb/v7-m/nofp/crtend.o
LOAD D:/ST/STM32CubeCLT_1.16.0/GNU-tools-for-STM32/bin/../lib/gcc/arm-none-eabi/12.3.1/thumb/v7-m/nofp/crtn.o
                0x20005000                        _estack = (ORIGIN (RAM) + LENGTH (RAM))
                0x00000200                        _Min_Heap_Size = 0x200
                0x00000400                        _Min_Stack_Size = 0x400

.isr_vector     0x08000000      0x10c
                0x08000000                        . = ALIGN (0x4)
 *(.isr_vector)
 .isr_vector    0x08000000      0x10c CMakeFiles/HW1.dir/startup_stm32f103xb.s.obj
                0x08000000                g_pfnVectors
                0x0800010c                        . = ALIGN (0x4)

.text           0x08000110     0x75a0
                0x08000110                        . = ALIGN (0x4)
 *(.text)
 .text          0x08000110       0x40 D:/ST/STM32CubeCLT_1.16.0/GNU-tools-for-STM32/bin/../lib/gcc/arm-none-eabi/12.3.1/thumb/v7-m/nofp/crtbegin.o
 .text          0x08000150      0x254 D:/ST/STM32CubeCLT_1.16.0/GNU-tools-for-STM32/bin/../lib/gcc/arm-none-eabi/12.3.1/thumb/v7-m/nofp\libgcc.a(_arm_muldf3.o)
                0x08000150                __muldf3
                0x08000150                __aeabi_dmul
 .text          0x080003a4      0x378 D:/ST/STM32CubeCLT_1.16.0/GNU-tools-for-STM32/bin/../lib/gcc/arm-none-eabi/12.3.1/thumb/v7-m/nofp\libgcc.a(_arm_addsubdf3.o)
                0x080003a4                __aeabi_drsub
                0x080003ac                __aeabi_dsub
                0x080003ac                __subdf3
                0x080003b0                __aeabi_dadd
                0x080003b0                __adddf3
                0x08000628                __floatunsidf
                0x08000628                __aeabi_ui2d
                0x08000648                __floatsidf
                0x08000648                __aeabi_i2d
                0x0800066c                __aeabi_f2d
                0x0800066c                __extendsfdf2
                0x080006b0                __floatundidf
                0x080006b0                __aeabi_ul2d
                0x080006c0                __floatdidf
                0x080006c0                __aeabi_l2d
 .text          0x0800071c      0x110 D:/ST/STM32CubeCLT_1.16.0/GNU-tools-for-STM32/bin/../lib/gcc/arm-none-eabi/12.3.1/thumb/v7-m/nofp\libgcc.a(_arm_cmpdf2.o)
                0x0800071c                __gtdf2
                0x0800071c                __gedf2
                0x08000724                __ltdf2
                0x08000724                __ledf2
                0x0800072c                __nedf2
                0x0800072c                __eqdf2
                0x0800072c                __cmpdf2
                0x080007a8                __aeabi_cdrcmple
                0x080007b8                __aeabi_cdcmpeq
                0x080007b8                __aeabi_cdcmple
                0x080007c8                __aeabi_dcmpeq
                0x080007dc                __aeabi_dcmplt
                0x080007f0                __aeabi_dcmple
                0x08000804                __aeabi_dcmpge
                0x08000818                __aeabi_dcmpgt
 .text          0x0800082c       0x50 D:/ST/STM32CubeCLT_1.16.0/GNU-tools-for-STM32/bin/../lib/gcc/arm-none-eabi/12.3.1/thumb/v7-m/nofp\libgcc.a(_arm_fixdfsi.o)
                0x0800082c                __aeabi_d2iz
                0x0800082c                __fixdfsi
 .text          0x0800087c       0xa0 D:/ST/STM32CubeCLT_1.16.0/GNU-tools-for-STM32/bin/../lib/gcc/arm-none-eabi/12.3.1/thumb/v7-m/nofp\libgcc.a(_arm_truncdfsf2.o)
                0x0800087c                __truncdfsf2
                0x0800087c                __aeabi_d2f
 .text          0x0800091c      0x21c D:/ST/STM32CubeCLT_1.16.0/GNU-tools-for-STM32/bin/../lib/gcc/arm-none-eabi/12.3.1/thumb/v7-m/nofp\libgcc.a(_arm_addsubsf3.o)
                0x0800091c                __aeabi_frsub
                0x08000924                __subsf3
                0x08000924                __aeabi_fsub
                0x08000928                __aeabi_fadd
                0x08000928                __addsf3
                0x08000a88                __aeabi_ui2f
                0x08000a88                __floatunsisf
                0x08000a90                __aeabi_i2f
                0x08000a90                __floatsisf
                0x08000aac                __aeabi_ul2f
                0x08000aac                __floatundisf
                0x08000abc                __aeabi_l2f
                0x08000abc                __floatdisf
 .text          0x08000b38      0x2a0 D:/ST/STM32CubeCLT_1.16.0/GNU-tools-for-STM32/bin/../lib/gcc/arm-none-eabi/12.3.1/thumb/v7-m/nofp\libgcc.a(_arm_muldivsf3.o)
                0x08000b38                __mulsf3
                0x08000b38                __aeabi_fmul
                0x08000ca0                __aeabi_fdiv
                0x08000ca0                __divsf3
 .text          0x08000dd8       0x4c D:/ST/STM32CubeCLT_1.16.0/GNU-tools-for-STM32/bin/../lib/gcc/arm-none-eabi/12.3.1/thumb/v7-m/nofp\libgcc.a(_arm_fixsfsi.o)
                0x08000dd8                __aeabi_f2iz
                0x08000dd8                __fixsfsi
 *(.text*)
 .text.MX_CAN_Init
                0x08000e24       0x70 CMakeFiles/HW1.dir/Core/Src/can.c.obj
                0x08000e24                MX_CAN_Init
 .text.HAL_CAN_MspInit
                0x08000e94       0xa8 CMakeFiles/HW1.dir/Core/Src/can.c.obj
                0x08000e94                HAL_CAN_MspInit
 .text.MX_DMA_Init
                0x08000f3c       0x4c CMakeFiles/HW1.dir/Core/Src/dma.c.obj
                0x08000f3c                MX_DMA_Init
 .text.MX_GPIO_Init
                0x08000f88       0xf4 CMakeFiles/HW1.dir/Core/Src/gpio.c.obj
                0x08000f88                MX_GPIO_Init
 .text.main     0x0800107c       0x30 CMakeFiles/HW1.dir/Core/Src/main.c.obj
                0x0800107c                main
 .text.SystemClock_Config
                0x080010ac       0x8a CMakeFiles/HW1.dir/Core/Src/main.c.obj
                0x080010ac                SystemClock_Config
 .text.Error_Handler
                0x08001136        0xc CMakeFiles/HW1.dir/Core/Src/main.c.obj
                0x08001136                Error_Handler
 .text.assert_failed
                0x08001142       0x14 CMakeFiles/HW1.dir/Core/Src/main.c.obj
                0x08001142                assert_failed
 *fill*         0x08001156        0x2 
 .text.HAL_MspInit
                0x08001158       0x64 CMakeFiles/HW1.dir/Core/Src/stm32f1xx_hal_msp.c.obj
                0x08001158                HAL_MspInit
 .text.NMI_Handler
                0x080011bc        0x8 CMakeFiles/HW1.dir/Core/Src/stm32f1xx_it.c.obj
                0x080011bc                NMI_Handler
 .text.HardFault_Handler
                0x080011c4        0x8 CMakeFiles/HW1.dir/Core/Src/stm32f1xx_it.c.obj
                0x080011c4                HardFault_Handler
 .text.MemManage_Handler
                0x080011cc        0x8 CMakeFiles/HW1.dir/Core/Src/stm32f1xx_it.c.obj
                0x080011cc                MemManage_Handler
 .text.BusFault_Handler
                0x080011d4        0x8 CMakeFiles/HW1.dir/Core/Src/stm32f1xx_it.c.obj
                0x080011d4                BusFault_Handler
 .text.UsageFault_Handler
                0x080011dc        0x8 CMakeFiles/HW1.dir/Core/Src/stm32f1xx_it.c.obj
                0x080011dc                UsageFault_Handler
 .text.SVC_Handler
                0x080011e4        0xc CMakeFiles/HW1.dir/Core/Src/stm32f1xx_it.c.obj
                0x080011e4                SVC_Handler
 .text.DebugMon_Handler
                0x080011f0        0xc CMakeFiles/HW1.dir/Core/Src/stm32f1xx_it.c.obj
                0x080011f0                DebugMon_Handler
 .text.PendSV_Handler
                0x080011fc        0xc CMakeFiles/HW1.dir/Core/Src/stm32f1xx_it.c.obj
                0x080011fc                PendSV_Handler
 .text.SysTick_Handler
                0x08001208        0xc CMakeFiles/HW1.dir/Core/Src/stm32f1xx_it.c.obj
                0x08001208                SysTick_Handler
 .text.DMA1_Channel4_IRQHandler
                0x08001214       0x14 CMakeFiles/HW1.dir/Core/Src/stm32f1xx_it.c.obj
                0x08001214                DMA1_Channel4_IRQHandler
 .text.DMA1_Channel6_IRQHandler
                0x08001228       0x14 CMakeFiles/HW1.dir/Core/Src/stm32f1xx_it.c.obj
                0x08001228                DMA1_Channel6_IRQHandler
 .text.USB_LP_CAN1_RX0_IRQHandler
                0x0800123c       0x14 CMakeFiles/HW1.dir/Core/Src/stm32f1xx_it.c.obj
                0x0800123c                USB_LP_CAN1_RX0_IRQHandler
 .text.TIM3_IRQHandler
                0x08001250       0x14 CMakeFiles/HW1.dir/Core/Src/stm32f1xx_it.c.obj
                0x08001250                TIM3_IRQHandler
 .text.USART1_IRQHandler
                0x08001264       0x14 CMakeFiles/HW1.dir/Core/Src/stm32f1xx_it.c.obj
                0x08001264                USART1_IRQHandler
 .text.USART2_IRQHandler
                0x08001278       0x14 CMakeFiles/HW1.dir/Core/Src/stm32f1xx_it.c.obj
                0x08001278                USART2_IRQHandler
 .text.SystemInit
                0x0800128c        0xc CMakeFiles/HW1.dir/Core/Src/system_stm32f1xx.c.obj
                0x0800128c                SystemInit
 .text.MX_TIM3_Init
                0x08001298       0x9c CMakeFiles/HW1.dir/Core/Src/tim.c.obj
                0x08001298                MX_TIM3_Init
 .text.HAL_TIM_Base_MspInit
                0x08001334       0x4c CMakeFiles/HW1.dir/Core/Src/tim.c.obj
                0x08001334                HAL_TIM_Base_MspInit
 .text.MX_USART1_UART_Init
                0x08001380       0x54 CMakeFiles/HW1.dir/Core/Src/usart.c.obj
                0x08001380                MX_USART1_UART_Init
 .text.MX_USART2_UART_Init
                0x080013d4       0x54 CMakeFiles/HW1.dir/Core/Src/usart.c.obj
                0x080013d4                MX_USART2_UART_Init
 .text.HAL_UART_MspInit
                0x08001428      0x1d4 CMakeFiles/HW1.dir/Core/Src/usart.c.obj
                0x08001428                HAL_UART_MspInit
 .text.RobotInit
                0x080015fc       0x3c CMakeFiles/HW1.dir/Tasks/main_task.c.obj
                0x080015fc                RobotInit
 .text.MainInit
                0x08001638       0x44 CMakeFiles/HW1.dir/Tasks/main_task.c.obj
                0x08001638                MainInit
 .text.MainTask
                0x0800167c      0x184 CMakeFiles/HW1.dir/Tasks/main_task.c.obj
                0x0800167c                MainTask
 .text.Can_data_encode
                0x08001800       0xb0 CMakeFiles/HW1.dir/Tasks/main_task.c.obj
                0x08001800                Can_data_encode
 .text.HAL_TIM_PeriodElapsedCallback
                0x080018b0       0x20 CMakeFiles/HW1.dir/Tasks/main_task.c.obj
                0x080018b0                HAL_TIM_PeriodElapsedCallback
 .text.encode   0x080018d0       0x90 CMakeFiles/HW1.dir/Tasks/main_task.c.obj
                0x080018d0                encode
 .text.decode   0x08001960       0xc4 CMakeFiles/HW1.dir/Tasks/main_task.c.obj
                0x08001960                decode
 .text.HAL_UARTEx_RxEventCallback
                0x08001a24       0x40 CMakeFiles/HW1.dir/Tasks/main_task.c.obj
                0x08001a24                HAL_UARTEx_RxEventCallback
 .text.CanFilter_Init
                0x08001a64       0x64 CMakeFiles/HW1.dir/Sources/HW_can.cpp.obj
                0x08001a64                CanFilter_Init
 .text.HAL_CAN_RxFifo0MsgPendingCallback
                0x08001ac8       0xe8 CMakeFiles/HW1.dir/Sources/HW_can.cpp.obj
                0x08001ac8                HAL_CAN_RxFifo0MsgPendingCallback
 .text.CAN_Send_Msg
                0x08001bb0       0x50 CMakeFiles/HW1.dir/Sources/HW_can.cpp.obj
                0x08001bb0                CAN_Send_Msg
 .text.Reset_Handler
                0x08001c00       0x48 CMakeFiles/HW1.dir/startup_stm32f103xb.s.obj
                0x08001c00                Reset_Handler
 .text.Default_Handler
                0x08001c48        0x2 CMakeFiles/HW1.dir/startup_stm32f103xb.s.obj
                0x08001c48                RTC_Alarm_IRQHandler
                0x08001c48                EXTI2_IRQHandler
                0x08001c48                TIM1_CC_IRQHandler
                0x08001c48                PVD_IRQHandler
                0x08001c48                EXTI3_IRQHandler
                0x08001c48                EXTI0_IRQHandler
                0x08001c48                I2C2_EV_IRQHandler
                0x08001c48                ADC1_2_IRQHandler
                0x08001c48                SPI1_IRQHandler
                0x08001c48                TAMPER_IRQHandler
                0x08001c48                USART3_IRQHandler
                0x08001c48                RTC_IRQHandler
                0x08001c48                DMA1_Channel7_IRQHandler
                0x08001c48                CAN1_RX1_IRQHandler
                0x08001c48                TIM4_IRQHandler
                0x08001c48                I2C1_EV_IRQHandler
                0x08001c48                RCC_IRQHandler
                0x08001c48                TIM1_TRG_COM_IRQHandler
                0x08001c48                DMA1_Channel1_IRQHandler
                0x08001c48                Default_Handler
                0x08001c48                EXTI15_10_IRQHandler
                0x08001c48                EXTI9_5_IRQHandler
                0x08001c48                SPI2_IRQHandler
                0x08001c48                DMA1_Channel5_IRQHandler
                0x08001c48                EXTI4_IRQHandler
                0x08001c48                USB_HP_CAN1_TX_IRQHandler
                0x08001c48                DMA1_Channel3_IRQHandler
                0x08001c48                TIM1_UP_IRQHandler
                0x08001c48                WWDG_IRQHandler
                0x08001c48                TIM2_IRQHandler
                0x08001c48                TIM1_BRK_IRQHandler
                0x08001c48                EXTI1_IRQHandler
                0x08001c48                I2C2_ER_IRQHandler
                0x08001c48                DMA1_Channel2_IRQHandler
                0x08001c48                CAN1_SCE_IRQHandler
                0x08001c48                FLASH_IRQHandler
                0x08001c48                I2C1_ER_IRQHandler
                0x08001c48                USBWakeUp_IRQHandler
 *fill*         0x08001c4a        0x2 
 .text.HAL_Init
                0x08001c4c       0x2c libdrivers.a(stm32f1xx_hal.c.obj)
                0x08001c4c                HAL_Init
 .text.HAL_InitTick
                0x08001c78       0x60 libdrivers.a(stm32f1xx_hal.c.obj)
                0x08001c78                HAL_InitTick
 .text.HAL_IncTick
                0x08001cd8       0x24 libdrivers.a(stm32f1xx_hal.c.obj)
                0x08001cd8                HAL_IncTick
 .text.HAL_GetTick
                0x08001cfc       0x14 libdrivers.a(stm32f1xx_hal.c.obj)
                0x08001cfc                HAL_GetTick
 .text.HAL_CAN_Init
                0x08001d10      0x430 libdrivers.a(stm32f1xx_hal_can.c.obj)
                0x08001d10                HAL_CAN_Init
 .text.HAL_CAN_ConfigFilter
                0x08002140      0x260 libdrivers.a(stm32f1xx_hal_can.c.obj)
                0x08002140                HAL_CAN_ConfigFilter
 .text.HAL_CAN_Start
                0x080023a0       0x88 libdrivers.a(stm32f1xx_hal_can.c.obj)
                0x080023a0                HAL_CAN_Start
 .text.HAL_CAN_AddTxMessage
                0x08002428      0x234 libdrivers.a(stm32f1xx_hal_can.c.obj)
                0x08002428                HAL_CAN_AddTxMessage
 .text.HAL_CAN_GetRxMessage
                0x0800265c      0x25c libdrivers.a(stm32f1xx_hal_can.c.obj)
                0x0800265c                HAL_CAN_GetRxMessage
 .text.HAL_CAN_ActivateNotification
                0x080028b8       0x64 libdrivers.a(stm32f1xx_hal_can.c.obj)
                0x080028b8                HAL_CAN_ActivateNotification
 .text.HAL_CAN_IRQHandler
                0x0800291c      0x36e libdrivers.a(stm32f1xx_hal_can.c.obj)
                0x0800291c                HAL_CAN_IRQHandler
 .text.HAL_CAN_TxMailbox0CompleteCallback
                0x08002c8a       0x12 libdrivers.a(stm32f1xx_hal_can.c.obj)
                0x08002c8a                HAL_CAN_TxMailbox0CompleteCallback
 .text.HAL_CAN_TxMailbox1CompleteCallback
                0x08002c9c       0x12 libdrivers.a(stm32f1xx_hal_can.c.obj)
                0x08002c9c                HAL_CAN_TxMailbox1CompleteCallback
 .text.HAL_CAN_TxMailbox2CompleteCallback
                0x08002cae       0x12 libdrivers.a(stm32f1xx_hal_can.c.obj)
                0x08002cae                HAL_CAN_TxMailbox2CompleteCallback
 .text.HAL_CAN_TxMailbox0AbortCallback
                0x08002cc0       0x12 libdrivers.a(stm32f1xx_hal_can.c.obj)
                0x08002cc0                HAL_CAN_TxMailbox0AbortCallback
 .text.HAL_CAN_TxMailbox1AbortCallback
                0x08002cd2       0x12 libdrivers.a(stm32f1xx_hal_can.c.obj)
                0x08002cd2                HAL_CAN_TxMailbox1AbortCallback
 .text.HAL_CAN_TxMailbox2AbortCallback
                0x08002ce4       0x12 libdrivers.a(stm32f1xx_hal_can.c.obj)
                0x08002ce4                HAL_CAN_TxMailbox2AbortCallback
 .text.HAL_CAN_RxFifo0FullCallback
                0x08002cf6       0x12 libdrivers.a(stm32f1xx_hal_can.c.obj)
                0x08002cf6                HAL_CAN_RxFifo0FullCallback
 .text.HAL_CAN_RxFifo1MsgPendingCallback
                0x08002d08       0x12 libdrivers.a(stm32f1xx_hal_can.c.obj)
                0x08002d08                HAL_CAN_RxFifo1MsgPendingCallback
 .text.HAL_CAN_RxFifo1FullCallback
                0x08002d1a       0x12 libdrivers.a(stm32f1xx_hal_can.c.obj)
                0x08002d1a                HAL_CAN_RxFifo1FullCallback
 .text.HAL_CAN_SleepCallback
                0x08002d2c       0x12 libdrivers.a(stm32f1xx_hal_can.c.obj)
                0x08002d2c                HAL_CAN_SleepCallback
 .text.HAL_CAN_WakeUpFromRxMsgCallback
                0x08002d3e       0x12 libdrivers.a(stm32f1xx_hal_can.c.obj)
                0x08002d3e                HAL_CAN_WakeUpFromRxMsgCallback
 .text.HAL_CAN_ErrorCallback
                0x08002d50       0x12 libdrivers.a(stm32f1xx_hal_can.c.obj)
                0x08002d50                HAL_CAN_ErrorCallback
 *fill*         0x08002d62        0x2 
 .text.__NVIC_SetPriorityGrouping
                0x08002d64       0x48 libdrivers.a(stm32f1xx_hal_cortex.c.obj)
 .text.__NVIC_GetPriorityGrouping
                0x08002dac       0x1c libdrivers.a(stm32f1xx_hal_cortex.c.obj)
 .text.__NVIC_EnableIRQ
                0x08002dc8       0x38 libdrivers.a(stm32f1xx_hal_cortex.c.obj)
 .text.__NVIC_SetPriority
                0x08002e00       0x54 libdrivers.a(stm32f1xx_hal_cortex.c.obj)
 .text.NVIC_EncodePriority
                0x08002e54       0x64 libdrivers.a(stm32f1xx_hal_cortex.c.obj)
 .text.SysTick_Config
                0x08002eb8       0x44 libdrivers.a(stm32f1xx_hal_cortex.c.obj)
 .text.HAL_NVIC_SetPriorityGrouping
                0x08002efc       0x40 libdrivers.a(stm32f1xx_hal_cortex.c.obj)
                0x08002efc                HAL_NVIC_SetPriorityGrouping
 .text.HAL_NVIC_SetPriority
                0x08002f3c       0x58 libdrivers.a(stm32f1xx_hal_cortex.c.obj)
                0x08002f3c                HAL_NVIC_SetPriority
 .text.HAL_NVIC_EnableIRQ
                0x08002f94       0x30 libdrivers.a(stm32f1xx_hal_cortex.c.obj)
                0x08002f94                HAL_NVIC_EnableIRQ
 .text.HAL_SYSTICK_Config
                0x08002fc4       0x18 libdrivers.a(stm32f1xx_hal_cortex.c.obj)
                0x08002fc4                HAL_SYSTICK_Config
 .text.HAL_DMA_Init
                0x08002fdc      0x200 libdrivers.a(stm32f1xx_hal_dma.c.obj)
                0x08002fdc                HAL_DMA_Init
 .text.HAL_DMA_Start_IT
                0x080031dc       0xdc libdrivers.a(stm32f1xx_hal_dma.c.obj)
                0x080031dc                HAL_DMA_Start_IT
 .text.HAL_DMA_Abort
                0x080032b8       0x76 libdrivers.a(stm32f1xx_hal_dma.c.obj)
                0x080032b8                HAL_DMA_Abort
 *fill*         0x0800332e        0x2 
 .text.HAL_DMA_Abort_IT
                0x08003330       0xf0 libdrivers.a(stm32f1xx_hal_dma.c.obj)
                0x08003330                HAL_DMA_Abort_IT
 .text.HAL_DMA_IRQHandler
                0x08003420      0x20c libdrivers.a(stm32f1xx_hal_dma.c.obj)
                0x08003420                HAL_DMA_IRQHandler
 .text.DMA_SetConfig
                0x0800362c       0x5a libdrivers.a(stm32f1xx_hal_dma.c.obj)
 *fill*         0x08003686        0x2 
 .text.HAL_GPIO_Init
                0x08003688      0x4dc libdrivers.a(stm32f1xx_hal_gpio.c.obj)
                0x08003688                HAL_GPIO_Init
 .text.HAL_GPIO_WritePin
                0x08003b64       0x58 libdrivers.a(stm32f1xx_hal_gpio.c.obj)
                0x08003b64                HAL_GPIO_WritePin
 .text.HAL_GPIO_TogglePin
                0x08003bbc       0x44 libdrivers.a(stm32f1xx_hal_gpio.c.obj)
                0x08003bbc                HAL_GPIO_TogglePin
 .text.HAL_RCC_OscConfig
                0x08003c00      0x6dc libdrivers.a(stm32f1xx_hal_rcc.c.obj)
                0x08003c00                HAL_RCC_OscConfig
 .text.HAL_RCC_ClockConfig
                0x080042dc      0x320 libdrivers.a(stm32f1xx_hal_rcc.c.obj)
                0x080042dc                HAL_RCC_ClockConfig
 .text.HAL_RCC_GetSysClockFreq
                0x080045fc       0xa8 libdrivers.a(stm32f1xx_hal_rcc.c.obj)
                0x080045fc                HAL_RCC_GetSysClockFreq
 .text.HAL_RCC_GetHCLKFreq
                0x080046a4       0x14 libdrivers.a(stm32f1xx_hal_rcc.c.obj)
                0x080046a4                HAL_RCC_GetHCLKFreq
 .text.HAL_RCC_GetPCLK1Freq
                0x080046b8       0x28 libdrivers.a(stm32f1xx_hal_rcc.c.obj)
                0x080046b8                HAL_RCC_GetPCLK1Freq
 .text.HAL_RCC_GetPCLK2Freq
                0x080046e0       0x28 libdrivers.a(stm32f1xx_hal_rcc.c.obj)
                0x080046e0                HAL_RCC_GetPCLK2Freq
 .text.RCC_Delay
                0x08004708       0x3c libdrivers.a(stm32f1xx_hal_rcc.c.obj)
 .text.HAL_TIM_Base_Init
                0x08004744      0x170 libdrivers.a(stm32f1xx_hal_tim.c.obj)
                0x08004744                HAL_TIM_Base_Init
 .text.HAL_TIM_Base_Start_IT
                0x080048b4       0xd8 libdrivers.a(stm32f1xx_hal_tim.c.obj)
                0x080048b4                HAL_TIM_Base_Start_IT
 .text.HAL_TIM_IRQHandler
                0x0800498c      0x1e0 libdrivers.a(stm32f1xx_hal_tim.c.obj)
                0x0800498c                HAL_TIM_IRQHandler
 .text.HAL_TIM_ConfigClockSource
                0x08004b6c      0x564 libdrivers.a(stm32f1xx_hal_tim.c.obj)
                0x08004b6c                HAL_TIM_ConfigClockSource
 .text.HAL_TIM_OC_DelayElapsedCallback
                0x080050d0       0x12 libdrivers.a(stm32f1xx_hal_tim.c.obj)
                0x080050d0                HAL_TIM_OC_DelayElapsedCallback
 .text.HAL_TIM_IC_CaptureCallback
                0x080050e2       0x12 libdrivers.a(stm32f1xx_hal_tim.c.obj)
                0x080050e2                HAL_TIM_IC_CaptureCallback
 .text.HAL_TIM_PWM_PulseFinishedCallback
                0x080050f4       0x12 libdrivers.a(stm32f1xx_hal_tim.c.obj)
                0x080050f4                HAL_TIM_PWM_PulseFinishedCallback
 .text.HAL_TIM_TriggerCallback
                0x08005106       0x12 libdrivers.a(stm32f1xx_hal_tim.c.obj)
                0x08005106                HAL_TIM_TriggerCallback
 .text.TIM_Base_SetConfig
                0x08005118       0xdc libdrivers.a(stm32f1xx_hal_tim.c.obj)
                0x08005118                TIM_Base_SetConfig
 .text.TIM_TI1_ConfigInputStage
                0x080051f4       0x5c libdrivers.a(stm32f1xx_hal_tim.c.obj)
 .text.TIM_TI2_ConfigInputStage
                0x08005250       0x5e libdrivers.a(stm32f1xx_hal_tim.c.obj)
 .text.TIM_ITRx_SetConfig
                0x080052ae       0x34 libdrivers.a(stm32f1xx_hal_tim.c.obj)
 .text.TIM_ETR_SetConfig
                0x080052e2       0x3e libdrivers.a(stm32f1xx_hal_tim.c.obj)
                0x080052e2                TIM_ETR_SetConfig
 .text.HAL_TIMEx_MasterConfigSynchronization
                0x08005320      0x154 libdrivers.a(stm32f1xx_hal_tim_ex.c.obj)
                0x08005320                HAL_TIMEx_MasterConfigSynchronization
 .text.HAL_TIMEx_CommutCallback
                0x08005474       0x12 libdrivers.a(stm32f1xx_hal_tim_ex.c.obj)
                0x08005474                HAL_TIMEx_CommutCallback
 .text.HAL_TIMEx_BreakCallback
                0x08005486       0x12 libdrivers.a(stm32f1xx_hal_tim_ex.c.obj)
                0x08005486                HAL_TIMEx_BreakCallback
 .text.HAL_UART_Init
                0x08005498      0x158 libdrivers.a(stm32f1xx_hal_uart.c.obj)
                0x08005498                HAL_UART_Init
 .text.HAL_UART_Transmit_DMA
                0x080055f0       0xe0 libdrivers.a(stm32f1xx_hal_uart.c.obj)
                0x080055f0                HAL_UART_Transmit_DMA
 .text.HAL_UARTEx_ReceiveToIdle_DMA
                0x080056d0       0xb2 libdrivers.a(stm32f1xx_hal_uart.c.obj)
                0x080056d0                HAL_UARTEx_ReceiveToIdle_DMA
 *fill*         0x08005782        0x2 
 .text.HAL_UART_IRQHandler
                0x08005784      0x524 libdrivers.a(stm32f1xx_hal_uart.c.obj)
                0x08005784                HAL_UART_IRQHandler
 .text.HAL_UART_TxCpltCallback
                0x08005ca8       0x12 libdrivers.a(stm32f1xx_hal_uart.c.obj)
                0x08005ca8                HAL_UART_TxCpltCallback
 .text.HAL_UART_TxHalfCpltCallback
                0x08005cba       0x12 libdrivers.a(stm32f1xx_hal_uart.c.obj)
                0x08005cba                HAL_UART_TxHalfCpltCallback
 .text.HAL_UART_RxCpltCallback
                0x08005ccc       0x12 libdrivers.a(stm32f1xx_hal_uart.c.obj)
                0x08005ccc                HAL_UART_RxCpltCallback
 .text.HAL_UART_RxHalfCpltCallback
                0x08005cde       0x12 libdrivers.a(stm32f1xx_hal_uart.c.obj)
                0x08005cde                HAL_UART_RxHalfCpltCallback
 .text.HAL_UART_ErrorCallback
                0x08005cf0       0x12 libdrivers.a(stm32f1xx_hal_uart.c.obj)
                0x08005cf0                HAL_UART_ErrorCallback
 .text.UART_DMATransmitCplt
                0x08005d02       0x9a libdrivers.a(stm32f1xx_hal_uart.c.obj)
 .text.UART_DMATxHalfCplt
                0x08005d9c       0x1c libdrivers.a(stm32f1xx_hal_uart.c.obj)
 .text.UART_DMAReceiveCplt
                0x08005db8      0x12c libdrivers.a(stm32f1xx_hal_uart.c.obj)
 .text.UART_DMARxHalfCplt
                0x08005ee4       0x3c libdrivers.a(stm32f1xx_hal_uart.c.obj)
 .text.UART_DMAError
                0x08005f20       0x94 libdrivers.a(stm32f1xx_hal_uart.c.obj)
 .text.UART_Start_Receive_DMA
                0x08005fb4      0x134 libdrivers.a(stm32f1xx_hal_uart.c.obj)
                0x08005fb4                UART_Start_Receive_DMA
 .text.UART_EndTxTransfer
                0x080060e8       0x4e libdrivers.a(stm32f1xx_hal_uart.c.obj)
 .text.UART_EndRxTransfer
                0x08006136       0xc4 libdrivers.a(stm32f1xx_hal_uart.c.obj)
 .text.UART_DMAAbortOnError
                0x080061fa       0x28 libdrivers.a(stm32f1xx_hal_uart.c.obj)
 .text.UART_Transmit_IT
                0x08006222       0x9e libdrivers.a(stm32f1xx_hal_uart.c.obj)
 .text.UART_EndTransmit_IT
                0x080062c0       0x30 libdrivers.a(stm32f1xx_hal_uart.c.obj)
 .text.UART_Receive_IT
                0x080062f0      0x17c libdrivers.a(stm32f1xx_hal_uart.c.obj)
 .text.UART_SetConfig
                0x0800646c      0x19c libdrivers.a(stm32f1xx_hal_uart.c.obj)
 .text.cos      0x08006608       0x8c D:/ST/STM32CubeCLT_1.16.0/GNU-tools-for-STM32/bin/../lib/gcc/arm-none-eabi/12.3.1/../../../../arm-none-eabi/lib/thumb/v7-m/nofp\libm.a(libm_a-s_cos.o)
                0x08006608                cos
 .text.sin      0x08006694       0x8c D:/ST/STM32CubeCLT_1.16.0/GNU-tools-for-STM32/bin/../lib/gcc/arm-none-eabi/12.3.1/../../../../arm-none-eabi/lib/thumb/v7-m/nofp\libm.a(libm_a-s_sin.o)
                0x08006694                sin
 .text.__kernel_cos
                0x08006720      0x17c D:/ST/STM32CubeCLT_1.16.0/GNU-tools-for-STM32/bin/../lib/gcc/arm-none-eabi/12.3.1/../../../../arm-none-eabi/lib/thumb/v7-m/nofp\libm.a(libm_a-k_cos.o)
                0x08006720                __kernel_cos
 *fill*         0x0800689c        0x4 
 .text.__kernel_sin
                0x080068a0      0x16c D:/ST/STM32CubeCLT_1.16.0/GNU-tools-for-STM32/bin/../lib/gcc/arm-none-eabi/12.3.1/../../../../arm-none-eabi/lib/thumb/v7-m/nofp\libm.a(libm_a-k_sin.o)
                0x080068a0                __kernel_sin
 *fill*         0x08006a0c        0x4 
 .text.__ieee754_rem_pio2
                0x08006a10      0x3ec D:/ST/STM32CubeCLT_1.16.0/GNU-tools-for-STM32/bin/../lib/gcc/arm-none-eabi/12.3.1/../../../../arm-none-eabi/lib/thumb/v7-m/nofp\libm.a(libm_a-e_rem_pio2.o)
                0x08006a10                __ieee754_rem_pio2
 .text.fabs     0x08006dfc        0x8 D:/ST/STM32CubeCLT_1.16.0/GNU-tools-for-STM32/bin/../lib/gcc/arm-none-eabi/12.3.1/../../../../arm-none-eabi/lib/thumb/v7-m/nofp\libm.a(libm_a-s_fabs.o)
                0x08006dfc                fabs
 .text.__kernel_rem_pio2
                0x08006e04      0x648 D:/ST/STM32CubeCLT_1.16.0/GNU-tools-for-STM32/bin/../lib/gcc/arm-none-eabi/12.3.1/../../../../arm-none-eabi/lib/thumb/v7-m/nofp\libm.a(libm_a-k_rem_pio2.o)
                0x08006e04                __kernel_rem_pio2
 *fill*         0x0800744c        0x4 
 .text.scalbn   0x08007450       0xec D:/ST/STM32CubeCLT_1.16.0/GNU-tools-for-STM32/bin/../lib/gcc/arm-none-eabi/12.3.1/../../../../arm-none-eabi/lib/thumb/v7-m/nofp\libm.a(libm_a-s_scalbn.o)
                0x08007450                scalbn
 *fill*         0x0800753c        0x4 
 .text.floor    0x08007540      0x100 D:/ST/STM32CubeCLT_1.16.0/GNU-tools-for-STM32/bin/../lib/gcc/arm-none-eabi/12.3.1/../../../../arm-none-eabi/lib/thumb/v7-m/nofp\libm.a(libm_a-s_floor.o)
                0x08007540                floor
 .text.memset   0x08007640       0x10 D:/ST/STM32CubeCLT_1.16.0/GNU-tools-for-STM32/bin/../lib/gcc/arm-none-eabi/12.3.1/../../../../arm-none-eabi/lib/thumb/v7-m/nofp\libc_nano.a(libc_a-memset.o)
                0x08007640                memset
 .text.__libc_init_array
                0x08007650       0x48 D:/ST/STM32CubeCLT_1.16.0/GNU-tools-for-STM32/bin/../lib/gcc/arm-none-eabi/12.3.1/../../../../arm-none-eabi/lib/thumb/v7-m/nofp\libc_nano.a(libc_a-init.o)
                0x08007650                __libc_init_array
 *(.glue_7)
 .glue_7        0x08007698        0x0 linker stubs
 *(.glue_7t)
 .glue_7t       0x08007698        0x0 linker stubs
 *(.eh_frame)
 .eh_frame      0x08007698        0x0 D:/ST/STM32CubeCLT_1.16.0/GNU-tools-for-STM32/bin/../lib/gcc/arm-none-eabi/12.3.1/thumb/v7-m/nofp/crtbegin.o
 *(.init)
 .init          0x08007698        0x4 D:/ST/STM32CubeCLT_1.16.0/GNU-tools-for-STM32/bin/../lib/gcc/arm-none-eabi/12.3.1/thumb/v7-m/nofp/crti.o
                0x08007698                _init
 .init          0x0800769c        0x8 D:/ST/STM32CubeCLT_1.16.0/GNU-tools-for-STM32/bin/../lib/gcc/arm-none-eabi/12.3.1/thumb/v7-m/nofp/crtn.o
 *(.fini)
 .fini          0x080076a4        0x4 D:/ST/STM32CubeCLT_1.16.0/GNU-tools-for-STM32/bin/../lib/gcc/arm-none-eabi/12.3.1/thumb/v7-m/nofp/crti.o
                0x080076a4                _fini
 .fini          0x080076a8        0x8 D:/ST/STM32CubeCLT_1.16.0/GNU-tools-for-STM32/bin/../lib/gcc/arm-none-eabi/12.3.1/thumb/v7-m/nofp/crtn.o
                0x080076b0                        . = ALIGN (0x4)
                0x080076b0                        _etext = .

.vfp11_veneer   0x080076b0        0x0
 .vfp11_veneer  0x080076b0        0x0 linker stubs

.v4_bx          0x080076b0        0x0
 .v4_bx         0x080076b0        0x0 linker stubs

.iplt           0x080076b0        0x0
 .iplt          0x080076b0        0x0 D:/ST/STM32CubeCLT_1.16.0/GNU-tools-for-STM32/bin/../lib/gcc/arm-none-eabi/12.3.1/thumb/v7-m/nofp/crtbegin.o

.rodata         0x080076b0      0x4a8
                0x080076b0                        . = ALIGN (0x4)
 *(.rodata)
 .rodata        0x080076b0       0x51 libdrivers.a(stm32f1xx_hal_can.c.obj)
 *fill*         0x08007701        0x3 
 .rodata        0x08007704       0x54 libdrivers.a(stm32f1xx_hal_cortex.c.obj)
 .rodata        0x08007758       0x51 libdrivers.a(stm32f1xx_hal_dma.c.obj)
 *fill*         0x080077a9        0x3 
 .rodata        0x080077ac       0x52 libdrivers.a(stm32f1xx_hal_gpio.c.obj)
 *fill*         0x080077fe        0x2 
 .rodata        0x08007800       0x51 libdrivers.a(stm32f1xx_hal_rcc.c.obj)
 *fill*         0x08007851        0x3 
 .rodata        0x08007854       0x51 libdrivers.a(stm32f1xx_hal_tim.c.obj)
 *fill*         0x080078a5        0x3 
 .rodata        0x080078a8       0x54 libdrivers.a(stm32f1xx_hal_tim_ex.c.obj)
 .rodata        0x080078fc       0x52 libdrivers.a(stm32f1xx_hal_uart.c.obj)
 *(.rodata*)
 *fill*         0x0800794e        0x2 
 .rodata.AHBPrescTable
                0x08007950       0x10 CMakeFiles/HW1.dir/Core/Src/system_stm32f1xx.c.obj
                0x08007950                AHBPrescTable
 .rodata.APBPrescTable
                0x08007960        0x8 CMakeFiles/HW1.dir/Core/Src/system_stm32f1xx.c.obj
                0x08007960                APBPrescTable
 .rodata.aPLLMULFactorTable.1
                0x08007968       0x10 libdrivers.a(stm32f1xx_hal_rcc.c.obj)
 .rodata.aPredivFactorTable.0
                0x08007978        0x2 libdrivers.a(stm32f1xx_hal_rcc.c.obj)
 *fill*         0x0800797a        0x2 
 .rodata.npio2_hw
                0x0800797c       0x80 D:/ST/STM32CubeCLT_1.16.0/GNU-tools-for-STM32/bin/../lib/gcc/arm-none-eabi/12.3.1/../../../../arm-none-eabi/lib/thumb/v7-m/nofp\libm.a(libm_a-e_rem_pio2.o)
 .rodata.two_over_pi
                0x080079fc      0x108 D:/ST/STM32CubeCLT_1.16.0/GNU-tools-for-STM32/bin/../lib/gcc/arm-none-eabi/12.3.1/../../../../arm-none-eabi/lib/thumb/v7-m/nofp\libm.a(libm_a-e_rem_pio2.o)
 *fill*         0x08007b04        0x4 
 .rodata.PIo2   0x08007b08       0x40 D:/ST/STM32CubeCLT_1.16.0/GNU-tools-for-STM32/bin/../lib/gcc/arm-none-eabi/12.3.1/../../../../arm-none-eabi/lib/thumb/v7-m/nofp\libm.a(libm_a-k_rem_pio2.o)
 .rodata.init_jk
                0x08007b48       0x10 D:/ST/STM32CubeCLT_1.16.0/GNU-tools-for-STM32/bin/../lib/gcc/arm-none-eabi/12.3.1/../../../../arm-none-eabi/lib/thumb/v7-m/nofp\libm.a(libm_a-k_rem_pio2.o)
                0x08007b58                        . = ALIGN (0x4)

.rel.dyn        0x08007b58        0x0
 .rel.iplt      0x08007b58        0x0 D:/ST/STM32CubeCLT_1.16.0/GNU-tools-for-STM32/bin/../lib/gcc/arm-none-eabi/12.3.1/thumb/v7-m/nofp/crtbegin.o

.ARM.extab
 *(.ARM.extab* .gnu.linkonce.armextab.*)

.ARM            0x08007b58        0x0
                0x08007b58                        __exidx_start = .
 *(.ARM.exidx*)
                0x08007b58                        __exidx_end = .

.preinit_array  0x08007b58        0x0
                0x08007b58                        PROVIDE (__preinit_array_start = .)
 *(.preinit_array*)
                0x08007b58                        PROVIDE (__preinit_array_end = .)

.init_array     0x08007b58        0x4
                0x08007b58                        PROVIDE (__init_array_start = .)
 *(SORT_BY_NAME(.init_array.*))
 *(.init_array*)
 .init_array    0x08007b58        0x4 D:/ST/STM32CubeCLT_1.16.0/GNU-tools-for-STM32/bin/../lib/gcc/arm-none-eabi/12.3.1/thumb/v7-m/nofp/crtbegin.o
                0x08007b5c                        PROVIDE (__init_array_end = .)

.fini_array     0x08007b5c        0x4
                [!provide]                        PROVIDE (__fini_array_start = .)
 *(SORT_BY_NAME(.fini_array.*))
 *(.fini_array*)
 .fini_array    0x08007b5c        0x4 D:/ST/STM32CubeCLT_1.16.0/GNU-tools-for-STM32/bin/../lib/gcc/arm-none-eabi/12.3.1/thumb/v7-m/nofp/crtbegin.o
                [!provide]                        PROVIDE (__fini_array_end = .)
                0x08007b60                        _sidata = LOADADDR (.data)

.data           0x20000000        0xc load address 0x08007b60
                0x20000000                        . = ALIGN (0x4)
                0x20000000                        _sdata = .
 *(.data)
 *(.data*)
 .data.SystemCoreClock
                0x20000000        0x4 CMakeFiles/HW1.dir/Core/Src/system_stm32f1xx.c.obj
                0x20000000                SystemCoreClock
 .data.uwTickPrio
                0x20000004        0x4 libdrivers.a(stm32f1xx_hal.c.obj)
                0x20000004                uwTickPrio
 .data.uwTickFreq
                0x20000008        0x1 libdrivers.a(stm32f1xx_hal.c.obj)
                0x20000008                uwTickFreq
                0x2000000c                        . = ALIGN (0x4)
 *fill*         0x20000009        0x3 
                0x2000000c                        _edata = .

.igot.plt       0x2000000c        0x0 load address 0x08007b6c
 .igot.plt      0x2000000c        0x0 D:/ST/STM32CubeCLT_1.16.0/GNU-tools-for-STM32/bin/../lib/gcc/arm-none-eabi/12.3.1/thumb/v7-m/nofp/crtbegin.o
                0x2000000c                        . = ALIGN (0x4)

.bss            0x2000000c      0x228 load address 0x08007b6c
                0x2000000c                        _sbss = .
                0x2000000c                        __bss_start__ = _sbss
 *(.bss)
 .bss           0x2000000c       0x1c D:/ST/STM32CubeCLT_1.16.0/GNU-tools-for-STM32/bin/../lib/gcc/arm-none-eabi/12.3.1/thumb/v7-m/nofp/crtbegin.o
 *(.bss*)
 .bss.hcan      0x20000028       0x28 CMakeFiles/HW1.dir/Core/Src/can.c.obj
                0x20000028                hcan
 .bss.htim3     0x20000050       0x48 CMakeFiles/HW1.dir/Core/Src/tim.c.obj
                0x20000050                htim3
 .bss.huart1    0x20000098       0x48 CMakeFiles/HW1.dir/Core/Src/usart.c.obj
                0x20000098                huart1
 .bss.huart2    0x200000e0       0x48 CMakeFiles/HW1.dir/Core/Src/usart.c.obj
                0x200000e0                huart2
 .bss.hdma_usart1_tx
                0x20000128       0x44 CMakeFiles/HW1.dir/Core/Src/usart.c.obj
                0x20000128                hdma_usart1_tx
 .bss.hdma_usart2_rx
                0x2000016c       0x44 CMakeFiles/HW1.dir/Core/Src/usart.c.obj
                0x2000016c                hdma_usart2_rx
 .bss.tick      0x200001b0        0x4 CMakeFiles/HW1.dir/Tasks/main_task.c.obj
                0x200001b0                tick
 .bss.Tx_Buffer
                0x200001b4        0x9 CMakeFiles/HW1.dir/Tasks/main_task.c.obj
                0x200001b4                Tx_Buffer
 *fill*         0x200001bd        0x3 
 .bss.Rx_Buffer
                0x200001c0        0x9 CMakeFiles/HW1.dir/Tasks/main_task.c.obj
                0x200001c0                Rx_Buffer
 *fill*         0x200001c9        0x3 
 .bss.uart_tx_data
                0x200001cc        0x8 CMakeFiles/HW1.dir/Tasks/main_task.c.obj
                0x200001cc                uart_tx_data
 .bss.uart_rx_data
                0x200001d4        0x8 CMakeFiles/HW1.dir/Tasks/main_task.c.obj
                0x200001d4                uart_rx_data
 .bss.Can_tx_data
                0x200001dc       0x10 CMakeFiles/HW1.dir/Tasks/main_task.c.obj
                0x200001dc                Can_tx_data
 .bss.rx_state  0x200001ec        0x1 CMakeFiles/HW1.dir/Tasks/main_task.c.obj
                0x200001ec                rx_state
 *fill*         0x200001ed        0x3 
 .bss._ZL9rx_header
                0x200001f0       0x1c CMakeFiles/HW1.dir/Sources/HW_can.cpp.obj
 .bss._ZL11can_rx_data
                0x2000020c        0x8 CMakeFiles/HW1.dir/Sources/HW_can.cpp.obj
 .bss.pTxMailbox
                0x20000214        0x4 CMakeFiles/HW1.dir/Sources/HW_can.cpp.obj
                0x20000214                pTxMailbox
 .bss.can_rec_times
                0x20000218        0x4 CMakeFiles/HW1.dir/Sources/HW_can.cpp.obj
                0x20000218                can_rec_times
 .bss.can_success_times
                0x2000021c        0x4 CMakeFiles/HW1.dir/Sources/HW_can.cpp.obj
                0x2000021c                can_success_times
 .bss.CAN_rx_data
                0x20000220       0x10 CMakeFiles/HW1.dir/Sources/HW_can.cpp.obj
                0x20000220                CAN_rx_data
 .bss.uwTick    0x20000230        0x4 libdrivers.a(stm32f1xx_hal.c.obj)
                0x20000230                uwTick
 *(COMMON)
                0x20000234                        . = ALIGN (0x4)
                0x20000234                        _ebss = .
                0x20000234                        __bss_end__ = _ebss

._user_heap_stack
                0x20000234      0x604 load address 0x08007b6c
                0x20000238                        . = ALIGN (0x8)
 *fill*         0x20000234        0x4 
                [!provide]                        PROVIDE (end = .)
                0x20000238                        PROVIDE (_end = .)
                0x20000438                        . = (. + _Min_Heap_Size)
 *fill*         0x20000238      0x200 
                0x20000838                        . = (. + _Min_Stack_Size)
 *fill*         0x20000438      0x400 
                0x20000838                        . = ALIGN (0x8)

/DISCARD/
 libc.a(*)
 libm.a(*)
 libgcc.a(*)

.ARM.attributes
                0x00000000       0x29
 *(.ARM.attributes)
 .ARM.attributes
                0x00000000       0x1d D:/ST/STM32CubeCLT_1.16.0/GNU-tools-for-STM32/bin/../lib/gcc/arm-none-eabi/12.3.1/thumb/v7-m/nofp/crti.o
 .ARM.attributes
                0x0000001d       0x2d D:/ST/STM32CubeCLT_1.16.0/GNU-tools-for-STM32/bin/../lib/gcc/arm-none-eabi/12.3.1/thumb/v7-m/nofp/crtbegin.o
 .ARM.attributes
                0x0000004a       0x2d CMakeFiles/HW1.dir/Core/Src/can.c.obj
 .ARM.attributes
                0x00000077       0x2d CMakeFiles/HW1.dir/Core/Src/dma.c.obj
 .ARM.attributes
                0x000000a4       0x2d CMakeFiles/HW1.dir/Core/Src/gpio.c.obj
 .ARM.attributes
                0x000000d1       0x2d CMakeFiles/HW1.dir/Core/Src/main.c.obj
 .ARM.attributes
                0x000000fe       0x2d CMakeFiles/HW1.dir/Core/Src/stm32f1xx_hal_msp.c.obj
 .ARM.attributes
                0x0000012b       0x2d CMakeFiles/HW1.dir/Core/Src/stm32f1xx_it.c.obj
 .ARM.attributes
                0x00000158       0x2d CMakeFiles/HW1.dir/Core/Src/system_stm32f1xx.c.obj
 .ARM.attributes
                0x00000185       0x2d CMakeFiles/HW1.dir/Core/Src/tim.c.obj
 .ARM.attributes
                0x000001b2       0x2d CMakeFiles/HW1.dir/Core/Src/usart.c.obj
 .ARM.attributes
                0x000001df       0x2d CMakeFiles/HW1.dir/Tasks/main_task.c.obj
 .ARM.attributes
                0x0000020c       0x2d CMakeFiles/HW1.dir/Sources/HW_can.cpp.obj
 .ARM.attributes
                0x00000239       0x21 CMakeFiles/HW1.dir/startup_stm32f103xb.s.obj
 .ARM.attributes
                0x0000025a       0x2d libdrivers.a(stm32f1xx_hal.c.obj)
 .ARM.attributes
                0x00000287       0x2d libdrivers.a(stm32f1xx_hal_can.c.obj)
 .ARM.attributes
                0x000002b4       0x2d libdrivers.a(stm32f1xx_hal_cortex.c.obj)
 .ARM.attributes
                0x000002e1       0x2d libdrivers.a(stm32f1xx_hal_dma.c.obj)
 .ARM.attributes
                0x0000030e       0x2d libdrivers.a(stm32f1xx_hal_gpio.c.obj)
 .ARM.attributes
                0x0000033b       0x2d libdrivers.a(stm32f1xx_hal_rcc.c.obj)
 .ARM.attributes
                0x00000368       0x2d libdrivers.a(stm32f1xx_hal_tim.c.obj)
 .ARM.attributes
                0x00000395       0x2d libdrivers.a(stm32f1xx_hal_tim_ex.c.obj)
 .ARM.attributes
                0x000003c2       0x2d libdrivers.a(stm32f1xx_hal_uart.c.obj)
 .ARM.attributes
                0x000003ef       0x2d D:/ST/STM32CubeCLT_1.16.0/GNU-tools-for-STM32/bin/../lib/gcc/arm-none-eabi/12.3.1/../../../../arm-none-eabi/lib/thumb/v7-m/nofp\libm.a(libm_a-s_cos.o)
 .ARM.attributes
                0x0000041c       0x2d D:/ST/STM32CubeCLT_1.16.0/GNU-tools-for-STM32/bin/../lib/gcc/arm-none-eabi/12.3.1/../../../../arm-none-eabi/lib/thumb/v7-m/nofp\libm.a(libm_a-s_sin.o)
 .ARM.attributes
                0x00000449       0x2d D:/ST/STM32CubeCLT_1.16.0/GNU-tools-for-STM32/bin/../lib/gcc/arm-none-eabi/12.3.1/../../../../arm-none-eabi/lib/thumb/v7-m/nofp\libm.a(libm_a-k_cos.o)
 .ARM.attributes
                0x00000476       0x2d D:/ST/STM32CubeCLT_1.16.0/GNU-tools-for-STM32/bin/../lib/gcc/arm-none-eabi/12.3.1/../../../../arm-none-eabi/lib/thumb/v7-m/nofp\libm.a(libm_a-k_sin.o)
 .ARM.attributes
                0x000004a3       0x2d D:/ST/STM32CubeCLT_1.16.0/GNU-tools-for-STM32/bin/../lib/gcc/arm-none-eabi/12.3.1/../../../../arm-none-eabi/lib/thumb/v7-m/nofp\libm.a(libm_a-e_rem_pio2.o)
 .ARM.attributes
                0x000004d0       0x2d D:/ST/STM32CubeCLT_1.16.0/GNU-tools-for-STM32/bin/../lib/gcc/arm-none-eabi/12.3.1/../../../../arm-none-eabi/lib/thumb/v7-m/nofp\libm.a(libm_a-s_fabs.o)
 .ARM.attributes
                0x000004fd       0x2d D:/ST/STM32CubeCLT_1.16.0/GNU-tools-for-STM32/bin/../lib/gcc/arm-none-eabi/12.3.1/../../../../arm-none-eabi/lib/thumb/v7-m/nofp\libm.a(libm_a-k_rem_pio2.o)
 .ARM.attributes
                0x0000052a       0x2d D:/ST/STM32CubeCLT_1.16.0/GNU-tools-for-STM32/bin/../lib/gcc/arm-none-eabi/12.3.1/../../../../arm-none-eabi/lib/thumb/v7-m/nofp\libm.a(libm_a-s_scalbn.o)
 .ARM.attributes
                0x00000557       0x2d D:/ST/STM32CubeCLT_1.16.0/GNU-tools-for-STM32/bin/../lib/gcc/arm-none-eabi/12.3.1/../../../../arm-none-eabi/lib/thumb/v7-m/nofp\libm.a(libm_a-s_floor.o)
 .ARM.attributes
                0x00000584       0x2d D:/ST/STM32CubeCLT_1.16.0/GNU-tools-for-STM32/bin/../lib/gcc/arm-none-eabi/12.3.1/../../../../arm-none-eabi/lib/thumb/v7-m/nofp\libc_nano.a(libc_a-memset.o)
 .ARM.attributes
                0x000005b1       0x2d D:/ST/STM32CubeCLT_1.16.0/GNU-tools-for-STM32/bin/../lib/gcc/arm-none-eabi/12.3.1/../../../../arm-none-eabi/lib/thumb/v7-m/nofp\libc_nano.a(libc_a-init.o)
 .ARM.attributes
                0x000005de       0x1d D:/ST/STM32CubeCLT_1.16.0/GNU-tools-for-STM32/bin/../lib/gcc/arm-none-eabi/12.3.1/thumb/v7-m/nofp\libgcc.a(_arm_muldf3.o)
 .ARM.attributes
                0x000005fb       0x1d D:/ST/STM32CubeCLT_1.16.0/GNU-tools-for-STM32/bin/../lib/gcc/arm-none-eabi/12.3.1/thumb/v7-m/nofp\libgcc.a(_arm_addsubdf3.o)
 .ARM.attributes
                0x00000618       0x1d D:/ST/STM32CubeCLT_1.16.0/GNU-tools-for-STM32/bin/../lib/gcc/arm-none-eabi/12.3.1/thumb/v7-m/nofp\libgcc.a(_arm_cmpdf2.o)
 .ARM.attributes
                0x00000635       0x1d D:/ST/STM32CubeCLT_1.16.0/GNU-tools-for-STM32/bin/../lib/gcc/arm-none-eabi/12.3.1/thumb/v7-m/nofp\libgcc.a(_arm_fixdfsi.o)
 .ARM.attributes
                0x00000652       0x1d D:/ST/STM32CubeCLT_1.16.0/GNU-tools-for-STM32/bin/../lib/gcc/arm-none-eabi/12.3.1/thumb/v7-m/nofp\libgcc.a(_arm_truncdfsf2.o)
 .ARM.attributes
                0x0000066f       0x1d D:/ST/STM32CubeCLT_1.16.0/GNU-tools-for-STM32/bin/../lib/gcc/arm-none-eabi/12.3.1/thumb/v7-m/nofp\libgcc.a(_arm_addsubsf3.o)
 .ARM.attributes
                0x0000068c       0x1d D:/ST/STM32CubeCLT_1.16.0/GNU-tools-for-STM32/bin/../lib/gcc/arm-none-eabi/12.3.1/thumb/v7-m/nofp\libgcc.a(_arm_muldivsf3.o)
 .ARM.attributes
                0x000006a9       0x1d D:/ST/STM32CubeCLT_1.16.0/GNU-tools-for-STM32/bin/../lib/gcc/arm-none-eabi/12.3.1/thumb/v7-m/nofp\libgcc.a(_arm_fixsfsi.o)
 .ARM.attributes
                0x000006c6       0x1d D:/ST/STM32CubeCLT_1.16.0/GNU-tools-for-STM32/bin/../lib/gcc/arm-none-eabi/12.3.1/thumb/v7-m/nofp/crtn.o
OUTPUT(D:\RoboMaster\HWProject\HW1\build\HW1.elf elf32-littlearm)
LOAD linker stubs
LOAD D:/ST/STM32CubeCLT_1.16.0/GNU-tools-for-STM32/bin/../lib/gcc/arm-none-eabi/12.3.1/../../../../arm-none-eabi/lib/thumb/v7-m/nofp\libc.a
LOAD D:/ST/STM32CubeCLT_1.16.0/GNU-tools-for-STM32/bin/../lib/gcc/arm-none-eabi/12.3.1/../../../../arm-none-eabi/lib/thumb/v7-m/nofp\libm.a
LOAD D:/ST/STM32CubeCLT_1.16.0/GNU-tools-for-STM32/bin/../lib/gcc/arm-none-eabi/12.3.1/thumb/v7-m/nofp\libgcc.a

.debug_info     0x00000000     0xf455
 .debug_info    0x00000000      0x867 CMakeFiles/HW1.dir/Core/Src/can.c.obj
 .debug_info    0x00000867      0x2cf CMakeFiles/HW1.dir/Core/Src/dma.c.obj
 .debug_info    0x00000b36      0x2d3 CMakeFiles/HW1.dir/Core/Src/gpio.c.obj
 .debug_info    0x00000e09      0x31b CMakeFiles/HW1.dir/Core/Src/main.c.obj
 .debug_info    0x00001124      0x1f1 CMakeFiles/HW1.dir/Core/Src/stm32f1xx_hal_msp.c.obj
 .debug_info    0x00001315      0xd82 CMakeFiles/HW1.dir/Core/Src/stm32f1xx_it.c.obj
 .debug_info    0x00002097      0x222 CMakeFiles/HW1.dir/Core/Src/system_stm32f1xx.c.obj
 .debug_info    0x000022b9      0x9bb CMakeFiles/HW1.dir/Core/Src/tim.c.obj
 .debug_info    0x00002c74      0x9cd CMakeFiles/HW1.dir/Core/Src/usart.c.obj
 .debug_info    0x00003641     0x1106 CMakeFiles/HW1.dir/Tasks/main_task.c.obj
 .debug_info    0x00004747      0x94c CMakeFiles/HW1.dir/Sources/HW_can.cpp.obj
 .debug_info    0x00005093       0x30 CMakeFiles/HW1.dir/startup_stm32f103xb.s.obj
 .debug_info    0x000050c3      0x73b libdrivers.a(stm32f1xx_hal.c.obj)
 .debug_info    0x000057fe      0xf2f libdrivers.a(stm32f1xx_hal_can.c.obj)
 .debug_info    0x0000672d      0xaa1 libdrivers.a(stm32f1xx_hal_cortex.c.obj)
 .debug_info    0x000071ce      0x707 libdrivers.a(stm32f1xx_hal_dma.c.obj)
 .debug_info    0x000078d5      0x5dc libdrivers.a(stm32f1xx_hal_gpio.c.obj)
 .debug_info    0x00007eb1      0x7f0 libdrivers.a(stm32f1xx_hal_rcc.c.obj)
 .debug_info    0x000086a1     0x29c3 libdrivers.a(stm32f1xx_hal_tim.c.obj)
 .debug_info    0x0000b064     0x14ef libdrivers.a(stm32f1xx_hal_tim_ex.c.obj)
 .debug_info    0x0000c553     0x2f02 libdrivers.a(stm32f1xx_hal_uart.c.obj)

.debug_abbrev   0x00000000     0x293e
 .debug_abbrev  0x00000000      0x232 CMakeFiles/HW1.dir/Core/Src/can.c.obj
 .debug_abbrev  0x00000232       0xfc CMakeFiles/HW1.dir/Core/Src/dma.c.obj
 .debug_abbrev  0x0000032e      0x13f CMakeFiles/HW1.dir/Core/Src/gpio.c.obj
 .debug_abbrev  0x0000046d      0x19e CMakeFiles/HW1.dir/Core/Src/main.c.obj
 .debug_abbrev  0x0000060b       0xdb CMakeFiles/HW1.dir/Core/Src/stm32f1xx_hal_msp.c.obj
 .debug_abbrev  0x000006e6      0x20d CMakeFiles/HW1.dir/Core/Src/stm32f1xx_it.c.obj
 .debug_abbrev  0x000008f3      0x13f CMakeFiles/HW1.dir/Core/Src/system_stm32f1xx.c.obj
 .debug_abbrev  0x00000a32      0x20e CMakeFiles/HW1.dir/Core/Src/tim.c.obj
 .debug_abbrev  0x00000c40      0x221 CMakeFiles/HW1.dir/Core/Src/usart.c.obj
 .debug_abbrev  0x00000e61      0x2ba CMakeFiles/HW1.dir/Tasks/main_task.c.obj
 .debug_abbrev  0x0000111b      0x1f9 CMakeFiles/HW1.dir/Sources/HW_can.cpp.obj
 .debug_abbrev  0x00001314       0x24 CMakeFiles/HW1.dir/startup_stm32f103xb.s.obj
 .debug_abbrev  0x00001338      0x209 libdrivers.a(stm32f1xx_hal.c.obj)
 .debug_abbrev  0x00001541      0x237 libdrivers.a(stm32f1xx_hal_can.c.obj)
 .debug_abbrev  0x00001778      0x2fa libdrivers.a(stm32f1xx_hal_cortex.c.obj)
 .debug_abbrev  0x00001a72      0x220 libdrivers.a(stm32f1xx_hal_dma.c.obj)
 .debug_abbrev  0x00001c92      0x1e7 libdrivers.a(stm32f1xx_hal_gpio.c.obj)
 .debug_abbrev  0x00001e79      0x2ad libdrivers.a(stm32f1xx_hal_rcc.c.obj)
 .debug_abbrev  0x00002126      0x28b libdrivers.a(stm32f1xx_hal_tim.c.obj)
 .debug_abbrev  0x000023b1      0x280 libdrivers.a(stm32f1xx_hal_tim_ex.c.obj)
 .debug_abbrev  0x00002631      0x30d libdrivers.a(stm32f1xx_hal_uart.c.obj)

.debug_aranges  0x00000000      0xe60
 .debug_aranges
                0x00000000       0x30 CMakeFiles/HW1.dir/Core/Src/can.c.obj
 .debug_aranges
                0x00000030       0x20 CMakeFiles/HW1.dir/Core/Src/dma.c.obj
 .debug_aranges
                0x00000050       0x20 CMakeFiles/HW1.dir/Core/Src/gpio.c.obj
 .debug_aranges
                0x00000070       0x38 CMakeFiles/HW1.dir/Core/Src/main.c.obj
 .debug_aranges
                0x000000a8       0x20 CMakeFiles/HW1.dir/Core/Src/stm32f1xx_hal_msp.c.obj
 .debug_aranges
                0x000000c8       0x90 CMakeFiles/HW1.dir/Core/Src/stm32f1xx_it.c.obj
 .debug_aranges
                0x00000158       0x28 CMakeFiles/HW1.dir/Core/Src/system_stm32f1xx.c.obj
 .debug_aranges
                0x00000180       0x30 CMakeFiles/HW1.dir/Core/Src/tim.c.obj
 .debug_aranges
                0x000001b0       0x38 CMakeFiles/HW1.dir/Core/Src/usart.c.obj
 .debug_aranges
                0x000001e8       0x60 CMakeFiles/HW1.dir/Tasks/main_task.c.obj
 .debug_aranges
                0x00000248       0x30 CMakeFiles/HW1.dir/Sources/HW_can.cpp.obj
 .debug_aranges
                0x00000278       0x28 CMakeFiles/HW1.dir/startup_stm32f103xb.s.obj
 .debug_aranges
                0x000002a0       0xe0 libdrivers.a(stm32f1xx_hal.c.obj)
 .debug_aranges
                0x00000380      0x138 libdrivers.a(stm32f1xx_hal_can.c.obj)
 .debug_aranges
                0x000004b8      0x100 libdrivers.a(stm32f1xx_hal_cortex.c.obj)
 .debug_aranges
                0x000005b8       0x80 libdrivers.a(stm32f1xx_hal_dma.c.obj)
 .debug_aranges
                0x00000638       0x58 libdrivers.a(stm32f1xx_hal_gpio.c.obj)
 .debug_aranges
                0x00000690       0x90 libdrivers.a(stm32f1xx_hal_rcc.c.obj)
 .debug_aranges
                0x00000720      0x3d0 libdrivers.a(stm32f1xx_hal_tim.c.obj)
 .debug_aranges
                0x00000af0      0x168 libdrivers.a(stm32f1xx_hal_tim_ex.c.obj)
 .debug_aranges
                0x00000c58      0x208 libdrivers.a(stm32f1xx_hal_uart.c.obj)

.debug_rnglists
                0x00000000      0xb2d
 .debug_rnglists
                0x00000000       0x20 CMakeFiles/HW1.dir/Core/Src/can.c.obj
 .debug_rnglists
                0x00000020       0x13 CMakeFiles/HW1.dir/Core/Src/dma.c.obj
 .debug_rnglists
                0x00000033       0x14 CMakeFiles/HW1.dir/Core/Src/gpio.c.obj
 .debug_rnglists
                0x00000047       0x26 CMakeFiles/HW1.dir/Core/Src/main.c.obj
 .debug_rnglists
                0x0000006d       0x13 CMakeFiles/HW1.dir/Core/Src/stm32f1xx_hal_msp.c.obj
 .debug_rnglists
                0x00000080       0x67 CMakeFiles/HW1.dir/Core/Src/stm32f1xx_it.c.obj
 .debug_rnglists
                0x000000e7       0x1a CMakeFiles/HW1.dir/Core/Src/system_stm32f1xx.c.obj
 .debug_rnglists
                0x00000101       0x20 CMakeFiles/HW1.dir/Core/Src/tim.c.obj
 .debug_rnglists
                0x00000121       0x27 CMakeFiles/HW1.dir/Core/Src/usart.c.obj
 .debug_rnglists
                0x00000148       0x47 CMakeFiles/HW1.dir/Tasks/main_task.c.obj
 .debug_rnglists
                0x0000018f       0x20 CMakeFiles/HW1.dir/Sources/HW_can.cpp.obj
 .debug_rnglists
                0x000001af       0x19 CMakeFiles/HW1.dir/startup_stm32f103xb.s.obj
 .debug_rnglists
                0x000001c8       0xa3 libdrivers.a(stm32f1xx_hal.c.obj)
 .debug_rnglists
                0x0000026b       0xed libdrivers.a(stm32f1xx_hal_can.c.obj)
 .debug_rnglists
                0x00000358       0xbb libdrivers.a(stm32f1xx_hal_cortex.c.obj)
 .debug_rnglists
                0x00000413       0x64 libdrivers.a(stm32f1xx_hal_dma.c.obj)
 .debug_rnglists
                0x00000477       0x40 libdrivers.a(stm32f1xx_hal_gpio.c.obj)
 .debug_rnglists
                0x000004b7       0x6e libdrivers.a(stm32f1xx_hal_rcc.c.obj)
 .debug_rnglists
                0x00000525      0x321 libdrivers.a(stm32f1xx_hal_tim.c.obj)
 .debug_rnglists
                0x00000846      0x127 libdrivers.a(stm32f1xx_hal_tim_ex.c.obj)
 .debug_rnglists
                0x0000096d      0x1c0 libdrivers.a(stm32f1xx_hal_uart.c.obj)

.debug_macro    0x00000000    0x19e3a
 .debug_macro   0x00000000      0x1c6 CMakeFiles/HW1.dir/Core/Src/can.c.obj
 .debug_macro   0x000001c6      0xaae CMakeFiles/HW1.dir/Core/Src/can.c.obj
 .debug_macro   0x00000c74      0x22e CMakeFiles/HW1.dir/Core/Src/can.c.obj
 .debug_macro   0x00000ea2       0x2e CMakeFiles/HW1.dir/Core/Src/can.c.obj
 .debug_macro   0x00000ed0       0x22 CMakeFiles/HW1.dir/Core/Src/can.c.obj
 .debug_macro   0x00000ef2       0x22 CMakeFiles/HW1.dir/Core/Src/can.c.obj
 .debug_macro   0x00000f14       0x8e CMakeFiles/HW1.dir/Core/Src/can.c.obj
 .debug_macro   0x00000fa2       0x51 CMakeFiles/HW1.dir/Core/Src/can.c.obj
 .debug_macro   0x00000ff3      0x103 CMakeFiles/HW1.dir/Core/Src/can.c.obj
 .debug_macro   0x000010f6       0x6a CMakeFiles/HW1.dir/Core/Src/can.c.obj
 .debug_macro   0x00001160      0x1df CMakeFiles/HW1.dir/Core/Src/can.c.obj
 .debug_macro   0x0000133f       0x1c CMakeFiles/HW1.dir/Core/Src/can.c.obj
 .debug_macro   0x0000135b       0x22 CMakeFiles/HW1.dir/Core/Src/can.c.obj
 .debug_macro   0x0000137d       0xbd CMakeFiles/HW1.dir/Core/Src/can.c.obj
 .debug_macro   0x0000143a      0xd23 CMakeFiles/HW1.dir/Core/Src/can.c.obj
 .debug_macro   0x0000215d     0xe09e CMakeFiles/HW1.dir/Core/Src/can.c.obj
 .debug_macro   0x000101fb       0x6d CMakeFiles/HW1.dir/Core/Src/can.c.obj
 .debug_macro   0x00010268     0x34a2 CMakeFiles/HW1.dir/Core/Src/can.c.obj
 .debug_macro   0x0001370a      0x189 CMakeFiles/HW1.dir/Core/Src/can.c.obj
 .debug_macro   0x00013893       0x5c CMakeFiles/HW1.dir/Core/Src/can.c.obj
 .debug_macro   0x000138ef      0x5bc CMakeFiles/HW1.dir/Core/Src/can.c.obj
 .debug_macro   0x00013eab      0x289 CMakeFiles/HW1.dir/Core/Src/can.c.obj
 .debug_macro   0x00014134      0x1cb CMakeFiles/HW1.dir/Core/Src/can.c.obj
 .debug_macro   0x000142ff      0x114 CMakeFiles/HW1.dir/Core/Src/can.c.obj
 .debug_macro   0x00014413      0x1b2 CMakeFiles/HW1.dir/Core/Src/can.c.obj
 .debug_macro   0x000145c5       0x27 CMakeFiles/HW1.dir/Core/Src/can.c.obj
 .debug_macro   0x000145ec      0x136 CMakeFiles/HW1.dir/Core/Src/can.c.obj
 .debug_macro   0x00014722      0x1bc CMakeFiles/HW1.dir/Core/Src/can.c.obj
 .debug_macro   0x000148de       0x34 CMakeFiles/HW1.dir/Core/Src/can.c.obj
 .debug_macro   0x00014912       0x3c CMakeFiles/HW1.dir/Core/Src/can.c.obj
 .debug_macro   0x0001494e      0x408 CMakeFiles/HW1.dir/Core/Src/can.c.obj
 .debug_macro   0x00014d56       0x57 CMakeFiles/HW1.dir/Core/Src/can.c.obj
 .debug_macro   0x00014dad       0x87 CMakeFiles/HW1.dir/Core/Src/can.c.obj
 .debug_macro   0x00014e34      0x240 CMakeFiles/HW1.dir/Core/Src/can.c.obj
 .debug_macro   0x00015074      0x140 CMakeFiles/HW1.dir/Core/Src/can.c.obj
 .debug_macro   0x000151b4      0x8ed CMakeFiles/HW1.dir/Core/Src/can.c.obj
 .debug_macro   0x00015aa1      0x28e CMakeFiles/HW1.dir/Core/Src/can.c.obj
 .debug_macro   0x00015d2f       0x83 CMakeFiles/HW1.dir/Core/Src/can.c.obj
 .debug_macro   0x00015db2       0x10 CMakeFiles/HW1.dir/Core/Src/can.c.obj
 .debug_macro   0x00015dc2      0x1c6 CMakeFiles/HW1.dir/Core/Src/dma.c.obj
 .debug_macro   0x00015f88      0x1c6 CMakeFiles/HW1.dir/Core/Src/gpio.c.obj
 .debug_macro   0x0001614e      0x205 CMakeFiles/HW1.dir/Core/Src/main.c.obj
 .debug_macro   0x00016353       0x22 CMakeFiles/HW1.dir/Core/Src/main.c.obj
 .debug_macro   0x00016375      0x1bc CMakeFiles/HW1.dir/Core/Src/stm32f1xx_hal_msp.c.obj
 .debug_macro   0x00016531      0x1c6 CMakeFiles/HW1.dir/Core/Src/stm32f1xx_it.c.obj
 .debug_macro   0x000166f7      0x1ad CMakeFiles/HW1.dir/Core/Src/system_stm32f1xx.c.obj
 .debug_macro   0x000168a4      0x1c6 CMakeFiles/HW1.dir/Core/Src/tim.c.obj
 .debug_macro   0x00016a6a      0x1c6 CMakeFiles/HW1.dir/Core/Src/usart.c.obj
 .debug_macro   0x00016c30      0x2cb CMakeFiles/HW1.dir/Tasks/main_task.c.obj
 .debug_macro   0x00016efb       0x74 CMakeFiles/HW1.dir/Tasks/main_task.c.obj
 .debug_macro   0x00016f6f      0x19b CMakeFiles/HW1.dir/Tasks/main_task.c.obj
 .debug_macro   0x0001710a       0x16 CMakeFiles/HW1.dir/Tasks/main_task.c.obj
 .debug_macro   0x00017120       0x16 CMakeFiles/HW1.dir/Tasks/main_task.c.obj
 .debug_macro   0x00017136       0x20 CMakeFiles/HW1.dir/Tasks/main_task.c.obj
 .debug_macro   0x00017156      0x1e6 CMakeFiles/HW1.dir/Sources/HW_can.cpp.obj
 .debug_macro   0x0001733c      0xc52 CMakeFiles/HW1.dir/Sources/HW_can.cpp.obj
 .debug_macro   0x00017f8e       0x1c CMakeFiles/HW1.dir/Sources/HW_can.cpp.obj
 .debug_macro   0x00017faa      0xd23 CMakeFiles/HW1.dir/Sources/HW_can.cpp.obj
 .debug_macro   0x00018ccd      0x190 CMakeFiles/HW1.dir/Sources/HW_can.cpp.obj
 .debug_macro   0x00018e5d       0x16 CMakeFiles/HW1.dir/Sources/HW_can.cpp.obj
 .debug_macro   0x00018e73      0x1d1 libdrivers.a(stm32f1xx_hal.c.obj)
 .debug_macro   0x00019044      0x1bc libdrivers.a(stm32f1xx_hal_can.c.obj)
 .debug_macro   0x00019200      0x1ad libdrivers.a(stm32f1xx_hal_cortex.c.obj)
 .debug_macro   0x000193ad      0x1ad libdrivers.a(stm32f1xx_hal_dma.c.obj)
 .debug_macro   0x0001955a      0x218 libdrivers.a(stm32f1xx_hal_gpio.c.obj)
 .debug_macro   0x00019772      0x1bf libdrivers.a(stm32f1xx_hal_rcc.c.obj)
 .debug_macro   0x00019931      0x1ae libdrivers.a(stm32f1xx_hal_tim.c.obj)
 .debug_macro   0x00019adf      0x1ad libdrivers.a(stm32f1xx_hal_tim_ex.c.obj)
 .debug_macro   0x00019c8c      0x1ae libdrivers.a(stm32f1xx_hal_uart.c.obj)

.debug_line     0x00000000    0x12975
 .debug_line    0x00000000      0x68c CMakeFiles/HW1.dir/Core/Src/can.c.obj
 .debug_line    0x0000068c      0x613 CMakeFiles/HW1.dir/Core/Src/dma.c.obj
 .debug_line    0x00000c9f      0x640 CMakeFiles/HW1.dir/Core/Src/gpio.c.obj
 .debug_line    0x000012df      0x70e CMakeFiles/HW1.dir/Core/Src/main.c.obj
 .debug_line    0x000019ed      0x617 CMakeFiles/HW1.dir/Core/Src/stm32f1xx_hal_msp.c.obj
 .debug_line    0x00002004      0x768 CMakeFiles/HW1.dir/Core/Src/stm32f1xx_it.c.obj
 .debug_line    0x0000276c      0x694 CMakeFiles/HW1.dir/Core/Src/system_stm32f1xx.c.obj
 .debug_line    0x00002e00      0x683 CMakeFiles/HW1.dir/Core/Src/tim.c.obj
 .debug_line    0x00003483      0x741 CMakeFiles/HW1.dir/Core/Src/usart.c.obj
 .debug_line    0x00003bc4      0x960 CMakeFiles/HW1.dir/Tasks/main_task.c.obj
 .debug_line    0x00004524      0x730 CMakeFiles/HW1.dir/Sources/HW_can.cpp.obj
 .debug_line    0x00004c54       0x78 CMakeFiles/HW1.dir/startup_stm32f103xb.s.obj
 .debug_line    0x00004ccc      0x8d5 libdrivers.a(stm32f1xx_hal.c.obj)
 .debug_line    0x000055a1     0x12bd libdrivers.a(stm32f1xx_hal_can.c.obj)
 .debug_line    0x0000685e      0xb3a libdrivers.a(stm32f1xx_hal_cortex.c.obj)
 .debug_line    0x00007398      0xdf6 libdrivers.a(stm32f1xx_hal_dma.c.obj)
 .debug_line    0x0000818e      0xab8 libdrivers.a(stm32f1xx_hal_gpio.c.obj)
 .debug_line    0x00008c46      0xe9f libdrivers.a(stm32f1xx_hal_rcc.c.obj)
 .debug_line    0x00009ae5     0x49b7 libdrivers.a(stm32f1xx_hal_tim.c.obj)
 .debug_line    0x0000e49c     0x1beb libdrivers.a(stm32f1xx_hal_tim_ex.c.obj)
 .debug_line    0x00010087     0x28ee libdrivers.a(stm32f1xx_hal_uart.c.obj)

.debug_str      0x00000000    0x8d596
 .debug_str     0x00000000    0x85af5 CMakeFiles/HW1.dir/Core/Src/can.c.obj
                              0x85f7a (size before relaxing)
 .debug_str     0x00085af5       0x42 CMakeFiles/HW1.dir/Core/Src/dma.c.obj
                              0x85be7 (size before relaxing)
 .debug_str     0x00085b37       0x81 CMakeFiles/HW1.dir/Core/Src/gpio.c.obj
                              0x85989 (size before relaxing)
 .debug_str     0x00085bb8      0x266 CMakeFiles/HW1.dir/Core/Src/main.c.obj
                              0x85b64 (size before relaxing)
 .debug_str     0x00085e1e       0x69 CMakeFiles/HW1.dir/Core/Src/stm32f1xx_hal_msp.c.obj
                              0x85911 (size before relaxing)
 .debug_str     0x00085e87      0x7a2 CMakeFiles/HW1.dir/Core/Src/stm32f1xx_it.c.obj
                              0x8636f (size before relaxing)
 .debug_str     0x00086629       0x97 CMakeFiles/HW1.dir/Core/Src/system_stm32f1xx.c.obj
                              0x85905 (size before relaxing)
 .debug_str     0x000866c0      0x155 CMakeFiles/HW1.dir/Core/Src/tim.c.obj
                              0x86232 (size before relaxing)
 .debug_str     0x00086815       0x86 CMakeFiles/HW1.dir/Core/Src/usart.c.obj
                              0x86141 (size before relaxing)
 .debug_str     0x0008689b     0x3562 CMakeFiles/HW1.dir/Tasks/main_task.c.obj
                              0x89823 (size before relaxing)
 .debug_str     0x00089dfd      0xe15 CMakeFiles/HW1.dir/Sources/HW_can.cpp.obj
                              0x868fb (size before relaxing)
 .debug_str     0x0008ac12       0x4e CMakeFiles/HW1.dir/startup_stm32f103xb.s.obj
                                 0x76 (size before relaxing)
 .debug_str     0x0008ac60      0x343 libdrivers.a(stm32f1xx_hal.c.obj)
                              0x86058 (size before relaxing)
 .debug_str     0x0008afa3      0x403 libdrivers.a(stm32f1xx_hal_can.c.obj)
                              0x8611b (size before relaxing)
 .debug_str     0x0008b3a6      0x285 libdrivers.a(stm32f1xx_hal_cortex.c.obj)
                              0x85f92 (size before relaxing)
 .debug_str     0x0008b62b      0x21a libdrivers.a(stm32f1xx_hal_dma.c.obj)
                              0x85cce (size before relaxing)
 .debug_str     0x0008b845      0x2e7 libdrivers.a(stm32f1xx_hal_gpio.c.obj)
                              0x85cab (size before relaxing)
 .debug_str     0x0008bb2c      0x237 libdrivers.a(stm32f1xx_hal_rcc.c.obj)
                              0x85d42 (size before relaxing)
 .debug_str     0x0008bd63      0xdc6 libdrivers.a(stm32f1xx_hal_tim.c.obj)
                              0x86d56 (size before relaxing)
 .debug_str     0x0008cb29      0x4ac libdrivers.a(stm32f1xx_hal_tim_ex.c.obj)
                              0x86562 (size before relaxing)
 .debug_str     0x0008cfd5      0x5c1 libdrivers.a(stm32f1xx_hal_uart.c.obj)
                              0x863b3 (size before relaxing)

.comment        0x00000000       0x43
 .comment       0x00000000       0x43 CMakeFiles/HW1.dir/Core/Src/can.c.obj
                                 0x44 (size before relaxing)
 .comment       0x00000043       0x44 CMakeFiles/HW1.dir/Core/Src/dma.c.obj
 .comment       0x00000043       0x44 CMakeFiles/HW1.dir/Core/Src/gpio.c.obj
 .comment       0x00000043       0x44 CMakeFiles/HW1.dir/Core/Src/main.c.obj
 .comment       0x00000043       0x44 CMakeFiles/HW1.dir/Core/Src/stm32f1xx_hal_msp.c.obj
 .comment       0x00000043       0x44 CMakeFiles/HW1.dir/Core/Src/stm32f1xx_it.c.obj
 .comment       0x00000043       0x44 CMakeFiles/HW1.dir/Core/Src/system_stm32f1xx.c.obj
 .comment       0x00000043       0x44 CMakeFiles/HW1.dir/Core/Src/tim.c.obj
 .comment       0x00000043       0x44 CMakeFiles/HW1.dir/Core/Src/usart.c.obj
 .comment       0x00000043       0x44 CMakeFiles/HW1.dir/Tasks/main_task.c.obj
 .comment       0x00000043       0x44 CMakeFiles/HW1.dir/Sources/HW_can.cpp.obj
 .comment       0x00000043       0x44 libdrivers.a(stm32f1xx_hal.c.obj)
 .comment       0x00000043       0x44 libdrivers.a(stm32f1xx_hal_can.c.obj)
 .comment       0x00000043       0x44 libdrivers.a(stm32f1xx_hal_cortex.c.obj)
 .comment       0x00000043       0x44 libdrivers.a(stm32f1xx_hal_dma.c.obj)
 .comment       0x00000043       0x44 libdrivers.a(stm32f1xx_hal_gpio.c.obj)
 .comment       0x00000043       0x44 libdrivers.a(stm32f1xx_hal_rcc.c.obj)
 .comment       0x00000043       0x44 libdrivers.a(stm32f1xx_hal_tim.c.obj)
 .comment       0x00000043       0x44 libdrivers.a(stm32f1xx_hal_tim_ex.c.obj)
 .comment       0x00000043       0x44 libdrivers.a(stm32f1xx_hal_uart.c.obj)

.debug_frame    0x00000000     0x3e88
 .debug_frame   0x00000000       0x74 CMakeFiles/HW1.dir/Core/Src/can.c.obj
 .debug_frame   0x00000074       0x34 CMakeFiles/HW1.dir/Core/Src/dma.c.obj
 .debug_frame   0x000000a8       0x34 CMakeFiles/HW1.dir/Core/Src/gpio.c.obj
 .debug_frame   0x000000dc       0x90 CMakeFiles/HW1.dir/Core/Src/main.c.obj
 .debug_frame   0x0000016c       0x38 CMakeFiles/HW1.dir/Core/Src/stm32f1xx_hal_msp.c.obj
 .debug_frame   0x000001a4      0x1ac CMakeFiles/HW1.dir/Core/Src/stm32f1xx_it.c.obj
 .debug_frame   0x00000350       0x58 CMakeFiles/HW1.dir/Core/Src/system_stm32f1xx.c.obj
 .debug_frame   0x000003a8       0x7c CMakeFiles/HW1.dir/Core/Src/tim.c.obj
 .debug_frame   0x00000424       0x90 CMakeFiles/HW1.dir/Core/Src/usart.c.obj
 .debug_frame   0x000004b4      0x14c CMakeFiles/HW1.dir/Tasks/main_task.c.obj
 .debug_frame   0x00000600       0x7c CMakeFiles/HW1.dir/Sources/HW_can.cpp.obj
 .debug_frame   0x0000067c      0x334 libdrivers.a(stm32f1xx_hal.c.obj)
 .debug_frame   0x000009b0      0x58c libdrivers.a(stm32f1xx_hal_can.c.obj)
 .debug_frame   0x00000f3c      0x424 libdrivers.a(stm32f1xx_hal_cortex.c.obj)
 .debug_frame   0x00001360      0x200 libdrivers.a(stm32f1xx_hal_dma.c.obj)
 .debug_frame   0x00001560      0x138 libdrivers.a(stm32f1xx_hal_gpio.c.obj)
 .debug_frame   0x00001698      0x214 libdrivers.a(stm32f1xx_hal_rcc.c.obj)
 .debug_frame   0x000018ac     0x11b0 libdrivers.a(stm32f1xx_hal_tim.c.obj)
 .debug_frame   0x00002a5c      0x624 libdrivers.a(stm32f1xx_hal_tim_ex.c.obj)
 .debug_frame   0x00003080      0x938 libdrivers.a(stm32f1xx_hal_uart.c.obj)
 .debug_frame   0x000039b8       0x40 D:/ST/STM32CubeCLT_1.16.0/GNU-tools-for-STM32/bin/../lib/gcc/arm-none-eabi/12.3.1/../../../../arm-none-eabi/lib/thumb/v7-m/nofp\libm.a(libm_a-s_cos.o)
 .debug_frame   0x000039f8       0x34 D:/ST/STM32CubeCLT_1.16.0/GNU-tools-for-STM32/bin/../lib/gcc/arm-none-eabi/12.3.1/../../../../arm-none-eabi/lib/thumb/v7-m/nofp\libm.a(libm_a-s_sin.o)
 .debug_frame   0x00003a2c       0x3c D:/ST/STM32CubeCLT_1.16.0/GNU-tools-for-STM32/bin/../lib/gcc/arm-none-eabi/12.3.1/../../../../arm-none-eabi/lib/thumb/v7-m/nofp\libm.a(libm_a-k_cos.o)
 .debug_frame   0x00003a68       0x40 D:/ST/STM32CubeCLT_1.16.0/GNU-tools-for-STM32/bin/../lib/gcc/arm-none-eabi/12.3.1/../../../../arm-none-eabi/lib/thumb/v7-m/nofp\libm.a(libm_a-k_sin.o)
 .debug_frame   0x00003aa8       0x40 D:/ST/STM32CubeCLT_1.16.0/GNU-tools-for-STM32/bin/../lib/gcc/arm-none-eabi/12.3.1/../../../../arm-none-eabi/lib/thumb/v7-m/nofp\libm.a(libm_a-e_rem_pio2.o)
 .debug_frame   0x00003ae8       0x20 D:/ST/STM32CubeCLT_1.16.0/GNU-tools-for-STM32/bin/../lib/gcc/arm-none-eabi/12.3.1/../../../../arm-none-eabi/lib/thumb/v7-m/nofp\libm.a(libm_a-s_fabs.o)
 .debug_frame   0x00003b08       0x44 D:/ST/STM32CubeCLT_1.16.0/GNU-tools-for-STM32/bin/../lib/gcc/arm-none-eabi/12.3.1/../../../../arm-none-eabi/lib/thumb/v7-m/nofp\libm.a(libm_a-k_rem_pio2.o)
 .debug_frame   0x00003b4c       0x30 D:/ST/STM32CubeCLT_1.16.0/GNU-tools-for-STM32/bin/../lib/gcc/arm-none-eabi/12.3.1/../../../../arm-none-eabi/lib/thumb/v7-m/nofp\libm.a(libm_a-s_scalbn.o)
 .debug_frame   0x00003b7c       0x30 D:/ST/STM32CubeCLT_1.16.0/GNU-tools-for-STM32/bin/../lib/gcc/arm-none-eabi/12.3.1/../../../../arm-none-eabi/lib/thumb/v7-m/nofp\libm.a(libm_a-s_floor.o)
 .debug_frame   0x00003bac       0x20 D:/ST/STM32CubeCLT_1.16.0/GNU-tools-for-STM32/bin/../lib/gcc/arm-none-eabi/12.3.1/../../../../arm-none-eabi/lib/thumb/v7-m/nofp\libc_nano.a(libc_a-memset.o)
 .debug_frame   0x00003bcc       0x2c D:/ST/STM32CubeCLT_1.16.0/GNU-tools-for-STM32/bin/../lib/gcc/arm-none-eabi/12.3.1/../../../../arm-none-eabi/lib/thumb/v7-m/nofp\libc_nano.a(libc_a-init.o)
 .debug_frame   0x00003bf8       0x30 D:/ST/STM32CubeCLT_1.16.0/GNU-tools-for-STM32/bin/../lib/gcc/arm-none-eabi/12.3.1/thumb/v7-m/nofp\libgcc.a(_arm_muldf3.o)
 .debug_frame   0x00003c28       0xac D:/ST/STM32CubeCLT_1.16.0/GNU-tools-for-STM32/bin/../lib/gcc/arm-none-eabi/12.3.1/thumb/v7-m/nofp\libgcc.a(_arm_addsubdf3.o)
 .debug_frame   0x00003cd4       0xc4 D:/ST/STM32CubeCLT_1.16.0/GNU-tools-for-STM32/bin/../lib/gcc/arm-none-eabi/12.3.1/thumb/v7-m/nofp\libgcc.a(_arm_cmpdf2.o)
 .debug_frame   0x00003d98       0x24 D:/ST/STM32CubeCLT_1.16.0/GNU-tools-for-STM32/bin/../lib/gcc/arm-none-eabi/12.3.1/thumb/v7-m/nofp\libgcc.a(_arm_fixdfsi.o)
 .debug_frame   0x00003dbc       0x24 D:/ST/STM32CubeCLT_1.16.0/GNU-tools-for-STM32/bin/../lib/gcc/arm-none-eabi/12.3.1/thumb/v7-m/nofp\libgcc.a(_arm_truncdfsf2.o)
 .debug_frame   0x00003de0       0x4c D:/ST/STM32CubeCLT_1.16.0/GNU-tools-for-STM32/bin/../lib/gcc/arm-none-eabi/12.3.1/thumb/v7-m/nofp\libgcc.a(_arm_addsubsf3.o)
 .debug_frame   0x00003e2c       0x38 D:/ST/STM32CubeCLT_1.16.0/GNU-tools-for-STM32/bin/../lib/gcc/arm-none-eabi/12.3.1/thumb/v7-m/nofp\libgcc.a(_arm_muldivsf3.o)
 .debug_frame   0x00003e64       0x24 D:/ST/STM32CubeCLT_1.16.0/GNU-tools-for-STM32/bin/../lib/gcc/arm-none-eabi/12.3.1/thumb/v7-m/nofp\libgcc.a(_arm_fixsfsi.o)

.debug_line_str
                0x00000000       0x5a
 .debug_line_str
                0x00000000       0x5a CMakeFiles/HW1.dir/startup_stm32f103xb.s.obj
